Component: ARM Compiler 5.06 update 6 (build 750) Tool: armlink [4d35ed]

==============================================================================

Section Cross References

    commonconfig.o(.text) refers to misc.o(.text) for NVIC_PriorityGroupConfig
    commonconfig.o(.text) refers to stm32f10x_rcc.o(.text) for RCC_APB2PeriphClockCmd
    commonconfig.o(.text) refers to stm32f10x_gpio.o(.text) for GPIO_PinRemapConfig
    commonconfig.o(.ARM.exidx) refers to commonconfig.o(.text) for .text
    stm32f10x_it.o(.text) refers to timer.o(.text) for CPUTIMER0_ISR()
    stm32f10x_it.o(.ARM.exidx) refers to stm32f10x_it.o(.text) for .text
    main.o(.text) refers to commonconfig.o(.text) for CommonConfig
    main.o(.text) refers to main.o(t._ZN15NormalSingletonI10CBaseTimerE8InstanceEv) for NormalSingleton<CBaseTimer>::Instance()
    main.o(.text) refers to timer.o(.text) for CBaseTimer::initialize()
    main.o(.text) refers to ccan.o(.text) for CCanRouter::InitCan()
    main.o(.text) refers to caniapdevice.o(.text) for CCanIapDevice::open()
    main.o(.text) refers to powerupoption.o(.text) for pvf::read(pvf::powerupVarEnum)
    main.o(.text) refers to iap.o(.text) for iap_load_app(unsigned)
    main.o(.text) refers to main.o(t._ZN15NormalSingletonI8CConsoleE8InstanceEv) for NormalSingleton<CConsole>::Instance()
    main.o(.text) refers to console.o(.text) for CConsole::printf(const char*, ...)
    main.o(.text) refers to ccan.o(.bss) for CanRouter1
    main.o(.text) refers to caniapdevice.o(.bss) for iapDevice
    main.o(.text) refers to main.o(.bss) for .bss
    main.o(.ARM.exidx) refers to main.o(.text) for .text
    powerupoption.o(.text) refers to main.o(t._ZN15NormalSingletonI8CConsoleE8InstanceEv) for NormalSingleton<CConsole>::Instance()
    powerupoption.o(.text) refers to console.o(.text) for CConsole::printf(const char*, ...)
    powerupoption.o(.text) refers to rt_memcpy_w.o(.text) for __aeabi_memcpy4
    powerupoption.o(.text) refers to stmflash.o(.text) for STMFLASH_write_bytes(unsigned, unsigned char*, unsigned short)
    powerupoption.o(.text) refers to powerupoption.o(.data) for .data
    powerupoption.o(.text) refers to powerupoption.o(.bss) for .bss
    powerupoption.o(.ARM.exidx) refers to powerupoption.o(.text) for .text
    heartled.o(.text) refers to stm32f10x_rcc.o(.text) for RCC_APB2PeriphClockCmd
    heartled.o(.text) refers to stm32f10x_gpio.o(.text) for GPIO_Init
    heartled.o(.text) refers to heartled.o(.data) for .data
    heartled.o(.ARM.exidx) refers to heartled.o(.text) for .text
    system_stm32f10x.o(.text) refers to system_stm32f10x.o(.data) for .data
    system_stm32f10x.o(.ARM.exidx) refers to system_stm32f10x.o(.text) for .text
    misc.o(.ARM.exidx) refers to misc.o(.text) for .text
    stm32f10x_gpio.o(.text) refers to stm32f10x_rcc.o(.text) for RCC_APB2PeriphResetCmd
    stm32f10x_gpio.o(.ARM.exidx) refers to stm32f10x_gpio.o(.text) for .text
    stm32f10x_rcc.o(.text) refers to stm32f10x_rcc.o(.data) for .data
    stm32f10x_rcc.o(.ARM.exidx) refers to stm32f10x_rcc.o(.text) for .text
    stm32f10x_can.o(.text) refers to stm32f10x_rcc.o(.text) for RCC_APB1PeriphResetCmd
    stm32f10x_can.o(.ARM.exidx) refers to stm32f10x_can.o(.text) for .text
    stm32f10x_dma.o(.ARM.exidx) refers to stm32f10x_dma.o(.text) for .text
    stm32f10x_usart.o(.text) refers to stm32f10x_rcc.o(.text) for RCC_APB2PeriphResetCmd
    stm32f10x_usart.o(.ARM.exidx) refers to stm32f10x_usart.o(.text) for .text
    stm32f10x_flash.o(.ARM.exidx) refers to stm32f10x_flash.o(.text) for .text
    startup_stm32f10x_hd.o(STACK) refers (Special) to heapauxi.o(.text) for __use_two_region_memory
    startup_stm32f10x_hd.o(HEAP) refers (Special) to heapauxi.o(.text) for __use_two_region_memory
    startup_stm32f10x_hd.o(RESET) refers (Special) to heapauxi.o(.text) for __use_two_region_memory
    startup_stm32f10x_hd.o(RESET) refers to startup_stm32f10x_hd.o(STACK) for __initial_sp
    startup_stm32f10x_hd.o(RESET) refers to startup_stm32f10x_hd.o(.text) for Reset_Handler
    startup_stm32f10x_hd.o(RESET) refers to stm32f10x_it.o(.text) for NMI_Handler
    startup_stm32f10x_hd.o(.text) refers (Special) to heapauxi.o(.text) for __use_two_region_memory
    startup_stm32f10x_hd.o(.text) refers to system_stm32f10x.o(.text) for SystemInit
    startup_stm32f10x_hd.o(.text) refers to __main.o(!!!main) for __main
    startup_stm32f10x_hd.o(.text) refers to startup_stm32f10x_hd.o(HEAP) for Heap_Mem
    startup_stm32f10x_hd.o(.text) refers to startup_stm32f10x_hd.o(STACK) for Stack_Mem
    iap.o(.text) refers to iap.o(.emb_text) for __set_MSP
    iap.o(.text) refers to main.o(t._ZN15NormalSingletonI8CConsoleE8InstanceEv) for NormalSingleton<CConsole>::Instance()
    iap.o(.text) refers to console.o(.text) for CConsole::printf(const char*, ...)
    iap.o(.text) refers to st_bootloader_protocol.o(.text) for bl_excute_cmd(unsigned char)
    iap.o(.text) refers to new.o(i._Znwj) for operator new(unsigned)
[...]
    __rt_lib_init_clock_1                    0x0800025b   Thumb Code     0  libinit2.o(.ARM.Collect$$libinit$$00000021)
    __rt_lib_init_cpp_2                      0x0800025b   Thumb Code     0  libinit2.o(.ARM.Collect$$libinit$$00000031)
    __rt_lib_init_exceptions_1               0x0800025b   Thumb Code     0  libinit2.o(.ARM.Collect$$libinit$$00000030)
    __rt_lib_init_fp_trap_1                  0x0800025b   Thumb Code     0  libinit2.o(.ARM.Collect$$libinit$$0000001F)
    __rt_lib_init_getenv_1                   0x0800025b   Thumb Code     0  libinit2.o(.ARM.Collect$$libinit$$00000023)
    __rt_lib_init_lc_numeric_1               0x0800025b   Thumb Code     0  libinit2.o(.ARM.Collect$$libinit$$00000017)
    __rt_lib_init_lc_time_1                  0x0800025b   Thumb Code     0  libinit2.o(.ARM.Collect$$libinit$$00000019)
    __rt_lib_init_signal_1                   0x0800025b   Thumb Code     0  libinit2.o(.ARM.Collect$$libinit$$0000001D)
    __rt_lib_init_stdio_1                    0x0800025b   Thumb Code     0  libinit2.o(.ARM.Collect$$libinit$$00000025)
    __rt_lib_init_cpp_1                      0x0800025f   Thumb Code     0  libinit2.o(.ARM.Collect$$libinit$$00000032)
    __rt_lib_init_return                     0x0800025f   Thumb Code     0  libinit2.o(.ARM.Collect$$libinit$$00000033)
    __rt_lib_shutdown                        0x08000261   Thumb Code     0  libshutdown.o(.ARM.Collect$$libshutdown$$00000000)
    __rt_lib_shutdown_cpp_2                  0x08000263   Thumb Code     0  libshutdown2.o(.ARM.Collect$$libshutdown$$00000001)
    __rt_lib_shutdown_cpp_1                  0x08000269   Thumb Code     0  libshutdown2.o(.ARM.Collect$$libshutdown$$00000002)
    __rt_lib_shutdown_fp_trap_1              0x08000269   Thumb Code     0  libshutdown2.o(.ARM.Collect$$libshutdown$$00000007)
    __rt_lib_shutdown_heap_1                 0x08000269   Thumb Code     0  libshutdown2.o(.ARM.Collect$$libshutdown$$0000000F)
    __rt_lib_shutdown_return                 0x08000269   Thumb Code     0  libshutdown2.o(.ARM.Collect$$libshutdown$$00000010)
    __rt_lib_shutdown_signal_1               0x08000269   Thumb Code     0  libshutdown2.o(.ARM.Collect$$libshutdown$$0000000A)
    __rt_lib_shutdown_stdio_1                0x08000269   Thumb Code     0  libshutdown2.o(.ARM.Collect$$libshutdown$$00000004)
    __rt_lib_shutdown_user_alloc_1           0x08000269   Thumb Code     0  libshutdown2.o(.ARM.Collect$$libshutdown$$0000000C)
    __rt_entry                               0x0800026b   Thumb Code     0  __rtentry.o(.ARM.Collect$$rtentry$$00000000)
    __rt_entry_presh_1                       0x0800026b   Thumb Code     0  __rtentry2.o(.ARM.Collect$$rtentry$$00000002)
    __rt_entry_sh                            0x0800026b   Thumb Code     0  __rtentry4.o(.ARM.Collect$$rtentry$$00000004)
    __rt_entry_li                            0x08000271   Thumb Code     0  __rtentry2.o(.ARM.Collect$$rtentry$$0000000A)
    __rt_entry_postsh_1                      0x08000271   Thumb Code     0  __rtentry2.o(.ARM.Collect$$rtentry$$00000009)
    __rt_entry_main                          0x08000275   Thumb Code     0  __rtentry2.o(.ARM.Collect$$rtentry$$0000000D)
    __rt_entry_postli_1                      0x08000275   Thumb Code     0  __rtentry2.o(.ARM.Collect$$rtentry$$0000000C)
    __rt_exit                                0x0800027d   Thumb Code     0  rtexit.o(.ARM.Collect$$rtexit$$00000000)
    __rt_exit_ls                             0x0800027f   Thumb Code     0  rtexit2.o(.ARM.Collect$$rtexit$$00000003)
    __rt_exit_prels_1                        0x0800027f   Thumb Code     0  rtexit2.o(.ARM.Collect$$rtexit$$00000002)
    __rt_exit_exit                           0x08000283   Thumb Code     0  rtexit2.o(.ARM.Collect$$rtexit$$00000004)
    __set_MSP                                0x08000289   Thumb Code     6  iap.o(.emb_text)
    CommonConfig                             0x08000291   Thumb Code    36  commonconfig.o(.text)
    _maybe_terminate_alloc                   0x08000291   Thumb Code     0  maybetermalloc1.o(.emb_text)
    NMI_Handler                              0x080002b9   Thumb Code     2  stm32f10x_it.o(.text)
    HardFault_Handler                        0x080002bb   Thumb Code     2  stm32f10x_it.o(.text)
    MemManage_Handler                        0x080002bd   Thumb Code     2  stm32f10x_it.o(.text)
    BusFault_Handler                         0x080002bf   Thumb Code     2  stm32f10x_it.o(.text)
    UsageFault_Handler                       0x080002c1   Thumb Code     2  stm32f10x_it.o(.text)
    SVC_Handler                              0x080002c3   Thumb Code     2  stm32f10x_it.o(.text)
    DebugMon_Handler                         0x080002c5   Thumb Code     2  stm32f10x_it.o(.text)
    PendSV_Handler                           0x080002c7   Thumb Code     2  stm32f10x_it.o(.text)
    SysTick_Handler                          0x080002c9   Thumb Code     4  stm32f10x_it.o(.text)
    USB_LP_CAN1_RX0_IRQHandler               0x080002cd   Thumb Code     2  stm32f10x_it.o(.text)
    main                                     0x080002d1   Thumb Code   242  main.o(.text)
    assert_failed                            0x080003c3   Thumb Code    52  main.o(.text)
    pvf::verifyPowerupField()                0x080004d5   Thumb Code    52  powerupoption.o(.text)
    pvf::read(pvf::powerupVarEnum)           0x08000509   Thumb Code    10  powerupoption.o(.text)
    pvf::getSuitVarNum()                     0x08000513   Thumb Code    52  powerupoption.o(.text)
    pvf::write(pvf::powerupVarEnum, unsigned) 0x08000547   Thumb Code   112  powerupoption.o(.text)
    pvf::initInApp()                         0x080005b7   Thumb Code    78  powerupoption.o(.text)
    pvf::printField()                        0x08000605   Thumb Code    78  powerupoption.o(.text)
    SystemInit                               0x08000865   Thumb Code    64  system_stm32f10x.o(.text)
    SystemCoreClockUpdate                    0x080008a5   Thumb Code    84  system_stm32f10x.o(.text)
    NVIC_PriorityGroupConfig                 0x08000919   Thumb Code    10  misc.o(.text)
    NVIC_Init                                0x08000923   Thumb Code    94  misc.o(.text)
    NVIC_SetVectorTable                      0x08000981   Thumb Code    14  misc.o(.text)
    NVIC_SystemLPConfig                      0x0800098f   Thumb Code    20  misc.o(.text)
    SysTick_CLKSourceConfig                  0x080009a3   Thumb Code    24  misc.o(.text)
    GPIO_DeInit                              0x080009c9   Thumb Code   152  stm32f10x_gpio.o(.text)
    GPIO_AFIODeInit                          0x08000a61   Thumb Code    22  stm32f10x_gpio.o(.text)
    GPIO_Init                                0x08000a77   Thumb Code   164  stm32f10x_gpio.o(.text)
    GPIO_StructInit                          0x08000b1b   Thumb Code    16  stm32f10x_gpio.o(.text)
    GPIO_ReadInputDataBit                    0x08000b2b   Thumb Code    14  stm32f10x_gpio.o(.text)
    GPIO_ReadInputData                       0x08000b39   Thumb Code     6  stm32f10x_gpio.o(.text)
    GPIO_ReadOutputDataBit                   0x08000b3f   Thumb Code    14  stm32f10x_gpio.o(.text)
    GPIO_ReadOutputData                      0x08000b4d   Thumb Code     6  stm32f10x_gpio.o(.text)
    GPIO_SetBits                             0x08000b53   Thumb Code     4  stm32f10x_gpio.o(.text)
    GPIO_ResetBits                           0x08000b57   Thumb Code     4  stm32f10x_gpio.o(.text)
    GPIO_WriteBit                            0x08000b5b   Thumb Code    10  stm32f10x_gpio.o(.text)
    GPIO_Write                               0x08000b65   Thumb Code     4  stm32f10x_gpio.o(.text)
    GPIO_PinLockConfig                       0x08000b69   Thumb Code    16  stm32f10x_gpio.o(.text)
    GPIO_EventOutputConfig                   0x08000b79   Thumb Code    22  stm32f10x_gpio.o(.text)
    GPIO_EventOutputCmd                      0x08000b8f   Thumb Code     6  stm32f10x_gpio.o(.text)
    GPIO_PinRemapConfig                      0x08000b95   Thumb Code    82  stm32f10x_gpio.o(.text)
    GPIO_EXTILineConfig                      0x08000be7   Thumb Code    34  stm32f10x_gpio.o(.text)
    GPIO_ETH_MediaInterfaceConfig            0x08000c09   Thumb Code     8  stm32f10x_gpio.o(.text)
    RCC_DeInit                               0x08000c35   Thumb Code    50  stm32f10x_rcc.o(.text)
    RCC_HSEConfig                            0x08000c67   Thumb Code    48  stm32f10x_rcc.o(.text)
    RCC_GetFlagStatus                        0x08000c97   Thumb Code    42  stm32f10x_rcc.o(.text)
    RCC_WaitForHSEStartUp                    0x08000cc1   Thumb Code    44  stm32f10x_rcc.o(.text)
    RCC_AdjustHSICalibrationValue            0x08000ced   Thumb Code    16  stm32f10x_rcc.o(.text)
    RCC_HSICmd                               0x08000cfd   Thumb Code     6  stm32f10x_rcc.o(.text)
    RCC_PLLConfig                            0x08000d03   Thumb Code    16  stm32f10x_rcc.o(.text)
    RCC_PLLCmd                               0x08000d13   Thumb Code     6  stm32f10x_rcc.o(.text)
    RCC_SYSCLKConfig                         0x08000d19   Thumb Code    14  stm32f10x_rcc.o(.text)
    RCC_GetSYSCLKSource                      0x08000d27   Thumb Code    10  stm32f10x_rcc.o(.text)
    RCC_HCLKConfig                           0x08000d31   Thumb Code    14  stm32f10x_rcc.o(.text)
    RCC_PCLK1Config                          0x08000d3f   Thumb Code    14  stm32f10x_rcc.o(.text)
    RCC_PCLK2Config                          0x08000d4d   Thumb Code    16  stm32f10x_rcc.o(.text)
    RCC_ITConfig                             0x08000d5d   Thumb Code    18  stm32f10x_rcc.o(.text)
    RCC_USBCLKConfig                         0x08000d6f   Thumb Code     8  stm32f10x_rcc.o(.text)
    RCC_ADCCLKConfig                         0x08000d77   Thumb Code    14  stm32f10x_rcc.o(.text)
    RCC_LSEConfig                            0x08000d85   Thumb Code    28  stm32f10x_rcc.o(.text)
    RCC_LSICmd                               0x08000da1   Thumb Code     6  stm32f10x_rcc.o(.text)
    RCC_RTCCLKConfig                         0x08000da7   Thumb Code    10  stm32f10x_rcc.o(.text)
    RCC_RTCCLKCmd                            0x08000db1   Thumb Code     8  stm32f10x_rcc.o(.text)
    RCC_GetClocksFreq                        0x08000db9   Thumb Code   128  stm32f10x_rcc.o(.text)
    RCC_AHBPeriphClockCmd                    0x08000e39   Thumb Code    18  stm32f10x_rcc.o(.text)
    RCC_APB2PeriphClockCmd                   0x08000e4b   Thumb Code    18  stm32f10x_rcc.o(.text)
    RCC_APB1PeriphClockCmd                   0x08000e5d   Thumb Code    18  stm32f10x_rcc.o(.text)
    RCC_APB2PeriphResetCmd                   0x08000e6f   Thumb Code    18  stm32f10x_rcc.o(.text)
    RCC_APB1PeriphResetCmd                   0x08000e81   Thumb Code    18  stm32f10x_rcc.o(.text)
    RCC_BackupResetCmd                       0x08000e93   Thumb Code     8  stm32f10x_rcc.o(.text)
    RCC_ClockSecuritySystemCmd               0x08000e9b   Thumb Code     6  stm32f10x_rcc.o(.text)
    RCC_MCOConfig                            0x08000ea1   Thumb Code     6  stm32f10x_rcc.o(.text)
    RCC_ClearFlag                            0x08000ea7   Thumb Code    12  stm32f10x_rcc.o(.text)
    RCC_GetITStatus                          0x08000eb3   Thumb Code    16  stm32f10x_rcc.o(.text)
    RCC_ClearITPendingBit                    0x08000ec3   Thumb Code     6  stm32f10x_rcc.o(.text)
    CAN_DeInit                               0x08000ee9   Thumb Code    38  stm32f10x_can.o(.text)
    CAN_Init                                 0x08000f0f   Thumb Code   232  stm32f10x_can.o(.text)
    CAN_FilterInit                           0x08000ff7   Thumb Code   194  stm32f10x_can.o(.text)
    CAN_StructInit                           0x080010b9   Thumb Code    32  stm32f10x_can.o(.text)
    CAN_SlaveStartBank                       0x080010d9   Thumb Code    38  stm32f10x_can.o(.text)
    CAN_DBGFreeze                            0x080010ff   Thumb Code    20  stm32f10x_can.o(.text)
    CAN_TTComModeCmd                         0x08001113   Thumb Code    90  stm32f10x_can.o(.text)
    CAN_Transmit                             0x0800116d   Thumb Code   164  stm32f10x_can.o(.text)
    CAN_TransmitStatus                       0x08001211   Thumb Code    88  stm32f10x_can.o(.text)
    CAN_CancelTransmit                       0x08001269   Thumb Code    36  stm32f10x_can.o(.text)
    CAN_Receive                              0x0800128d   Thumb Code   178  stm32f10x_can.o(.text)
    CAN_FIFORelease                          0x0800133f   Thumb Code    22  stm32f10x_can.o(.text)
    CAN_MessagePending                       0x08001355   Thumb Code    22  stm32f10x_can.o(.text)
    CAN_OperatingModeRequest                 0x0800136b   Thumb Code   140  stm32f10x_can.o(.text)
    CAN_Sleep                                0x080013f7   Thumb Code    30  stm32f10x_can.o(.text)
    CAN_WakeUp                               0x08001415   Thumb Code    40  stm32f10x_can.o(.text)
    CAN_GetLastErrorCode                     0x0800143d   Thumb Code    10  stm32f10x_can.o(.text)
    CAN_GetReceiveErrorCounter               0x08001447   Thumb Code     6  stm32f10x_can.o(.text)
    CAN_GetLSBTransmitErrorCounter           0x0800144d   Thumb Code     8  stm32f10x_can.o(.text)
    CAN_ITConfig                             0x08001455   Thumb Code    16  stm32f10x_can.o(.text)
    CAN_GetFlagStatus                        0x08001465   Thumb Code    52  stm32f10x_can.o(.text)
    CAN_ClearFlag                            0x08001499   Thumb Code    44  stm32f10x_can.o(.text)
    CAN_GetITStatus                          0x080014c5   Thumb Code   162  stm32f10x_can.o(.text)
    CAN_ClearITPendingBit                    0x08001567   Thumb Code   116  stm32f10x_can.o(.text)
    FLASH_SetLatency                         0x080015f1   Thumb Code    14  stm32f10x_flash.o(.text)
    FLASH_HalfCycleAccessCmd                 0x080015ff   Thumb Code    18  stm32f10x_flash.o(.text)
    FLASH_PrefetchBufferCmd                  0x08001611   Thumb Code    18  stm32f10x_flash.o(.text)
    FLASH_Unlock                             0x08001623   Thumb Code    12  stm32f10x_flash.o(.text)
    FLASH_UnlockBank1                        0x0800162f   Thumb Code    12  stm32f10x_flash.o(.text)
    FLASH_Lock                               0x0800163b   Thumb Code    12  stm32f10x_flash.o(.text)
    FLASH_LockBank1                          0x08001647   Thumb Code    12  stm32f10x_flash.o(.text)
    FLASH_GetBank1Status                     0x08001653   Thumb Code    34  stm32f10x_flash.o(.text)
    FLASH_WaitForLastOperation               0x08001675   Thumb Code    36  stm32f10x_flash.o(.text)
    FLASH_ErasePage                          0x08001699   Thumb Code    56  stm32f10x_flash.o(.text)
    FLASH_EraseAllPages                      0x080016d1   Thumb Code    52  stm32f10x_flash.o(.text)
    FLASH_WaitForLastBank1Operation          0x08001705   Thumb Code    36  stm32f10x_flash.o(.text)
    FLASH_EraseAllBank1Pages                 0x08001729   Thumb Code    52  stm32f10x_flash.o(.text)
    FLASH_GetReadOutProtectionStatus         0x0800175d   Thumb Code    14  stm32f10x_flash.o(.text)
    FLASH_EraseOptionBytes                   0x0800176b   Thumb Code   108  stm32f10x_flash.o(.text)
    FLASH_ProgramWord                        0x080017d7   Thumb Code    72  stm32f10x_flash.o(.text)
    FLASH_ProgramHalfWord                    0x0800181f   Thumb Code    48  stm32f10x_flash.o(.text)
    FLASH_ProgramOptionByteData              0x0800184f   Thumb Code    62  stm32f10x_flash.o(.text)
    FLASH_EnableWriteProtection              0x0800188d   Thumb Code   150  stm32f10x_flash.o(.text)
    FLASH_ReadOutProtection                  0x08001923   Thumb Code   118  stm32f10x_flash.o(.text)
    FLASH_UserOptionByteConfig               0x08001999   Thumb Code    92  stm32f10x_flash.o(.text)
    FLASH_GetUserOptionByte                  0x080019f5   Thumb Code     8  stm32f10x_flash.o(.text)
    FLASH_GetWriteProtectionOptionByte       0x080019fd   Thumb Code     6  stm32f10x_flash.o(.text)
    FLASH_GetPrefetchBufferStatus            0x08001a03   Thumb Code    14  stm32f10x_flash.o(.text)
    FLASH_ITConfig                           0x08001a11   Thumb Code    18  stm32f10x_flash.o(.text)
    FLASH_GetFlagStatus                      0x08001a23   Thumb Code    28  stm32f10x_flash.o(.text)
    FLASH_ClearFlag                          0x08001a3f   Thumb Code     6  stm32f10x_flash.o(.text)
    FLASH_GetStatus                          0x08001a45   Thumb Code    34  stm32f10x_flash.o(.text)
    Reset_Handler                            0x08001a6d   Thumb Code     8  startup_stm32f10x_hd.o(.text)
    ADC1_2_IRQHandler                        0x08001a87   Thumb Code     0  startup_stm32f10x_hd.o(.text)
    ADC3_IRQHandler                          0x08001a87   Thumb Code     0  startup_stm32f10x_hd.o(.text)
    CAN1_RX1_IRQHandler                      0x08001a87   Thumb Code     0  startup_stm32f10x_hd.o(.text)
    CAN1_SCE_IRQHandler                      0x08001a87   Thumb Code     0  startup_stm32f10x_hd.o(.text)
    DMA1_Channel1_IRQHandler                 0x08001a87   Thumb Code     0  startup_stm32f10x_hd.o(.text)
    DMA1_Channel2_IRQHandler                 0x08001a87   Thumb Code     0  startup_stm32f10x_hd.o(.text)
    DMA1_Channel3_IRQHandler                 0x08001a87   Thumb Code     0  startup_stm32f10x_hd.o(.text)
    DMA1_Channel4_IRQHandler                 0x08001a87   Thumb Code     0  startup_stm32f10x_hd.o(.text)
    DMA1_Channel5_IRQHandler                 0x08001a87   Thumb Code     0  startup_stm32f10x_hd.o(.text)
    DMA1_Channel6_IRQHandler                 0x08001a87   Thumb Code     0  startup_stm32f10x_hd.o(.text)
    DMA1_Channel7_IRQHandler                 0x08001a87   Thumb Code     0  startup_stm32f10x_hd.o(.text)
    DMA2_Channel1_IRQHandler                 0x08001a87   Thumb Code     0  startup_stm32f10x_hd.o(.text)
    DMA2_Channel2_IRQHandler                 0x08001a87   Thumb Code     0  startup_stm32f10x_hd.o(.text)
    DMA2_Channel3_IRQHandler                 0x08001a87   Thumb Code     0  startup_stm32f10x_hd.o(.text)
    DMA2_Channel4_5_IRQHandler               0x08001a87   Thumb Code     0  startup_stm32f10x_hd.o(.text)
    EXTI0_IRQHandler                         0x08001a87   Thumb Code     0  startup_stm32f10x_hd.o(.text)
    EXTI15_10_IRQHandler                     0x08001a87   Thumb Code     0  startup_stm32f10x_hd.o(.text)
    EXTI1_IRQHandler                         0x08001a87   Thumb Code     0  startup_stm32f10x_hd.o(.text)
    EXTI2_IRQHandler                         0x08001a87   Thumb Code     0  startup_stm32f10x_hd.o(.text)
    EXTI3_IRQHandler                         0x08001a87   Thumb Code     0  startup_stm32f10x_hd.o(.text)
    EXTI4_IRQHandler                         0x08001a87   Thumb Code     0  startup_stm32f10x_hd.o(.text)
    EXTI9_5_IRQHandler                       0x08001a87   Thumb Code     0  startup_stm32f10x_hd.o(.text)
    FLASH_IRQHandler                         0x08001a87   Thumb Code     0  startup_stm32f10x_hd.o(.text)
    FSMC_IRQHandler                          0x08001a87   Thumb Code     0  startup_stm32f10x_hd.o(.text)
    I2C1_ER_IRQHandler                       0x08001a87   Thumb Code     0  startup_stm32f10x_hd.o(.text)
    I2C1_EV_IRQHandler                       0x08001a87   Thumb Code     0  startup_stm32f10x_hd.o(.text)
    I2C2_ER_IRQHandler                       0x08001a87   Thumb Code     0  startup_stm32f10x_hd.o(.text)
    I2C2_EV_IRQHandler                       0x08001a87   Thumb Code     0  startup_stm32f10x_hd.o(.text)
    PVD_IRQHandler                           0x08001a87   Thumb Code     0  startup_stm32f10x_hd.o(.text)
    RCC_IRQHandler                           0x08001a87   Thumb Code     0  startup_stm32f10x_hd.o(.text)
    RTCAlarm_IRQHandler                      0x08001a87   Thumb Code     0  startup_stm32f10x_hd.o(.text)
    RTC_IRQHandler                           0x08001a87   Thumb Code     0  startup_stm32f10x_hd.o(.text)
    SDIO_IRQHandler                          0x08001a87   Thumb Code     0  startup_stm32f10x_hd.o(.text)
    SPI1_IRQHandler                          0x08001a87   Thumb Code     0  startup_stm32f10x_hd.o(.text)
    SPI2_IRQHandler                          0x08001a87   Thumb Code     0  startup_stm32f10x_hd.o(.text)
    SPI3_IRQHandler                          0x08001a87   Thumb Code     0  startup_stm32f10x_hd.o(.text)
    TAMPER_IRQHandler                        0x08001a87   Thumb Code     0  startup_stm32f10x_hd.o(.text)
    TIM1_BRK_IRQHandler                      0x08001a87   Thumb Code     0  startup_stm32f10x_hd.o(.text)
    TIM1_CC_IRQHandler                       0x08001a87   Thumb Code     0  startup_stm32f10x_hd.o(.text)
    TIM1_TRG_COM_IRQHandler                  0x08001a87   Thumb Code     0  startup_stm32f10x_hd.o(.text)
    TIM1_UP_IRQHandler                       0x08001a87   Thumb Code     0  startup_stm32f10x_hd.o(.text)
    TIM2_IRQHandler                          0x08001a87   Thumb Code     0  startup_stm32f10x_hd.o(.text)
    TIM3_IRQHandler                          0x08001a87   Thumb Code     0  startup_stm32f10x_hd.o(.text)
    TIM4_IRQHandler                          0x08001a87   Thumb Code     0  startup_stm32f10x_hd.o(.text)
    TIM5_IRQHandler                          0x08001a87   Thumb Code     0  startup_stm32f10x_hd.o(.text)
    TIM6_IRQHandler                          0x08001a87   Thumb Code     0  startup_stm32f10x_hd.o(.text)
    TIM7_IRQHandler                          0x08001a87   Thumb Code     0  startup_stm32f10x_hd.o(.text)
    TIM8_BRK_IRQHandler                      0x08001a87   Thumb Code     0  startup_stm32f10x_hd.o(.text)
    TIM8_CC_IRQHandler                       0x08001a87   Thumb Code     0  startup_stm32f10x_hd.o(.text)
    TIM8_TRG_COM_IRQHandler                  0x08001a87   Thumb Code     0  startup_stm32f10x_hd.o(.text)
    TIM8_UP_IRQHandler                       0x08001a87   Thumb Code     0  startup_stm32f10x_hd.o(.text)
    UART4_IRQHandler                         0x08001a87   Thumb Code     0  startup_stm32f10x_hd.o(.text)
    UART5_IRQHandler                         0x08001a87   Thumb Code     0  startup_stm32f10x_hd.o(.text)
    USART1_IRQHandler                        0x08001a87   Thumb Code     0  startup_stm32f10x_hd.o(.text)
    USART2_IRQHandler                        0x08001a87   Thumb Code     0  startup_stm32f10x_hd.o(.text)
    USART3_IRQHandler                        0x08001a87   Thumb Code     0  startup_stm32f10x_hd.o(.text)
    USBWakeUp_IRQHandler                     0x08001a87   Thumb Code     0  startup_stm32f10x_hd.o(.text)
    USB_HP_CAN1_TX_IRQHandler                0x08001a87   Thumb Code     0  startup_stm32f10x_hd.o(.text)
    WWDG_IRQHandler                          0x08001a87   Thumb Code     0  startup_stm32f10x_hd.o(.text)
    __user_initial_stackheap                 0x08001a89   Thumb Code     0  startup_stm32f10x_hd.o(.text)
    iap_load_app(unsigned)                   0x08001aad   Thumb Code    54  iap.o(.text)
    iap_run()                                0x08001ae3   Thumb Code   222  iap.o(.text)
    bl_get()                                 0x08001c81   Thumb Code     4  st_bootloader_protocol.o(.text)
    bl_get_version_rps()                     0x08001c85   Thumb Code    50  st_bootloader_protocol.o(.text)
    bl_get_id()                              0x08001cb7   Thumb Code    30  st_bootloader_protocol.o(.text)
    iapdev_write_byte(unsigned char)         0x08001cd5   Thumb Code    28  st_bootloader_protocol.o(.text)
    iapdev_read_byte()                       0x08001cf1   Thumb Code    44  st_bootloader_protocol.o(.text)
    bl_read_memory()                         0x08001d1d   Thumb Code   272  st_bootloader_protocol.o(.text)
    bl_go()                                  0x08001e2d   Thumb Code   278  st_bootloader_protocol.o(.text)
    bl_write_memory()                        0x08001f43   Thumb Code   886  st_bootloader_protocol.o(.text)
    bl_erase()                               0x080022b9   Thumb Code     4  st_bootloader_protocol.o(.text)
    bl_extended_erase()                      0x080022bd   Thumb Code     4  st_bootloader_protocol.o(.text)
    bl_write_protect()                       0x080022c1   Thumb Code     4  st_bootloader_protocol.o(.text)
    bl_write_unprotect()                     0x080022c5   Thumb Code     4  st_bootloader_protocol.o(.text)
    bl_readout_protect()                     0x080022c9   Thumb Code     4  st_bootloader_protocol.o(.text)
    bl_readout_unprotect()                   0x080022cd   Thumb Code     4  st_bootloader_protocol.o(.text)
    bl_excute_cmd(unsigned char)             0x080022d1   Thumb Code    50  st_bootloader_protocol.o(.text)
    CCanIapDevice::CCanIapDevice(CCanRouter&, unsigned, unsigned char, unsigned, unsigned char) 0x080023d1   Thumb Code   106  caniapdevice.o(.text)
    CCanIapDevice::CCanIapDevice__sub_object(CCanRouter&, unsigned, unsigned char, unsigned, unsigned char) 0x080023d1   Thumb Code     0  caniapdevice.o(.text)
    CCanIapDevice::open()                    0x0800243b   Thumb Code    14  caniapdevice.o(.text)
    CCanIapDevice::close()                   0x08002449   Thumb Code     4  caniapdevice.o(.text)
    CCanIapDevice::write(const unsigned char*, unsigned) 0x0800244d   Thumb Code   102  caniapdevice.o(.text)
    CCanIapDevice::read(unsigned char*, unsigned) 0x080024b3   Thumb Code     8  caniapdevice.o(.text)
    CCanIapDevice::data_in_write_buf()       0x080024bb   Thumb Code     4  caniapdevice.o(.text)
    CCanIapDevice::freesize_in_write_buf()   0x080024bf   Thumb Code    34  caniapdevice.o(.text)
    CCanIapDevice::data_in_read_buf()        0x080024e1   Thumb Code     6  caniapdevice.o(.text)
    CCanIapDevice::clear_read_buf()          0x080024e7   Thumb Code     6  caniapdevice.o(.text)
    CCanIapDevice::isTransmitterIdle()       0x080024ed   Thumb Code     6  caniapdevice.o(.text)
    CCanIapDevice::runReceiver()             0x080024f3   Thumb Code   120  caniapdevice.o(.text)
    CCanConsole::CCanConsole()               0x080025ad   Thumb Code    14  ccanconsole.o(.text)
    CCanConsole::CCanConsole__sub_object()   0x080025ad   Thumb Code     0  ccanconsole.o(.text)
    CCanConsole::write(unsigned char*, unsigned short) 0x080025bb   Thumb Code   116  ccanconsole.o(.text)
    CCanConsole::open()                      0x0800262f   Thumb Code    34  ccanconsole.o(.text)
    CCanConsole::runTransmitter()            0x08002651   Thumb Code     6  ccanconsole.o(.text)
    CCanConsole::getFreeSize()               0x08002657   Thumb Code    56  ccanconsole.o(.text)
    CCanConsole::isIdel()                    0x0800268f   Thumb Code   110  ccanconsole.o(.text)
    CConsole::initDev(CConsole::OstreamDevEnum) 0x0800270d   Thumb Code    66  console.o(.text)
    CConsole::CConsole()                     0x0800274f   Thumb Code    22  console.o(.text)
    CConsole::CConsole__sub_object()         0x0800274f   Thumb Code     0  console.o(.text)
    CConsole::runTransmitter()               0x08002765   Thumb Code   172  console.o(.text)
    CConsole::send_array(char*, unsigned short) 0x08002811   Thumb Code    22  console.o(.text)
    CConsole::printf(const char*, ...)       0x08002827   Thumb Code    44  console.o(.text)
    CConsole::putc(char)                     0x08002853   Thumb Code    50  console.o(.text)
    CConsole::puts(const char*)              0x08002885   Thumb Code    30  console.o(.text)
    CConsole::isIdel()                       0x080028a3   Thumb Code    20  console.o(.text)
    CConsole::setDev(unsigned char*, unsigned short) 0x080028b7   Thumb Code     4  console.o(.text)
    SEGGER_RTT_ReadNoLock                    0x080029c9   Thumb Code   114  segger_rtt.o(.text)
    SEGGER_RTT_Read                          0x08002a3b   Thumb Code    24  segger_rtt.o(.text)
    SEGGER_RTT_WriteWithOverwriteNoLock      0x08002a53   Thumb Code   146  segger_rtt.o(.text)
    SEGGER_RTT_WriteSkipNoLock               0x08002ae5   Thumb Code   136  segger_rtt.o(.text)
    SEGGER_RTT_WriteNoLock                   0x08002b6d   Thumb Code    86  segger_rtt.o(.text)
    SEGGER_RTT_Write                         0x08002bc3   Thumb Code    48  segger_rtt.o(.text)
    SEGGER_RTT_WriteString                   0x08002bf3   Thumb Code    24  segger_rtt.o(.text)
    SEGGER_RTT_GetKey                        0x08002c0b   Thumb Code    28  segger_rtt.o(.text)
    SEGGER_RTT_WaitKey                       0x08002c27   Thumb Code    12  segger_rtt.o(.text)
    SEGGER_RTT_HasKey                        0x08002c33   Thumb Code    28  segger_rtt.o(.text)
    SEGGER_RTT_HasData                       0x08002c4f   Thumb Code    18  segger_rtt.o(.text)
    SEGGER_RTT_AllocDownBuffer               0x08002c61   Thumb Code   124  segger_rtt.o(.text)
    SEGGER_RTT_AllocUpBuffer                 0x08002cdd   Thumb Code    96  segger_rtt.o(.text)
    SEGGER_RTT_ConfigUpBuffer                0x08002d3d   Thumb Code    88  segger_rtt.o(.text)
    SEGGER_RTT_ConfigDownBuffer              0x08002d95   Thumb Code    88  segger_rtt.o(.text)
    SEGGER_RTT_SetNameUpBuffer               0x08002ded   Thumb Code    58  segger_rtt.o(.text)
    SEGGER_RTT_SetNameDownBuffer             0x08002e27   Thumb Code    58  segger_rtt.o(.text)
    SEGGER_RTT_SetFlagsUpBuffer              0x08002e61   Thumb Code    58  segger_rtt.o(.text)
    SEGGER_RTT_SetFlagsDownBuffer            0x08002e9b   Thumb Code    58  segger_rtt.o(.text)
    SEGGER_RTT_Init                          0x08002ed5   Thumb Code     2  segger_rtt.o(.text)
    SEGGER_RTT_SetTerminal                   0x08002ed7   Thumb Code   132  segger_rtt.o(.text)
    SEGGER_RTT_TerminalOut                   0x08002f5b   Thumb Code   170  segger_rtt.o(.text)
    CCanRxMailbox::CCanRxMailbox(CanRxMsg*, unsigned short) 0x0800303d   Thumb Code    46  ccan.o(.text)
    CCanRxMailbox::CCanRxMailbox__sub_object(CanRxMsg*, unsigned short) 0x0800303d   Thumb Code     0  ccan.o(.text)
    CCanRxMailbox::setStdId(unsigned short)  0x0800306b   Thumb Code     8  ccan.o(.text)
    CCanRxMailbox::setExtId(unsigned)        0x08003073   Thumb Code     8  ccan.o(.text)
    CCanRxMailbox::msgsInQue() const         0x0800307b   Thumb Code     6  ccan.o(.text)
    CCanRxMailbox::getMsg(CanRxMsg*)         0x08003081   Thumb Code    76  ccan.o(.text)
    CCanRxMailbox::pushMsg(const CanRxMsg&)  0x080030cd   Thumb Code    86  ccan.o(.text)
    CCanRxMailbox::isIdEqual(CCanRxMailbox*) 0x08003123   Thumb Code    38  ccan.o(.text)
    CCanRouter::attachMailbox(CCanRxMailbox*) 0x08003149   Thumb Code   198  ccan.o(.text)
    CCanRxMailbox::attachToRouter(CCanRouter&) 0x0800320f   Thumb Code    14  ccan.o(.text)
    CCanRxMailbox::operator ==(const CanRxMsg&) 0x0800321d   Thumb Code    38  ccan.o(.text)
    CCanRxMailbox::isIdEqual(const CanRxMsg&) 0x08003243   Thumb Code    38  ccan.o(.text)
    CCanRouter::CCanRouter(CAN_TypeDef*, CanTxMsg*, unsigned short, unsigned) 0x08003269   Thumb Code   106  ccan.o(.text)
    CCanRouter::CCanRouter__sub_object(CAN_TypeDef*, CanTxMsg*, unsigned short, unsigned) 0x08003269   Thumb Code     0  ccan.o(.text)
    CCanRouter::InitCanGpio(int)             0x080032d3   Thumb Code   124  ccan.o(.text)
    CCanRouter::InitCan()                    0x0800334f   Thumb Code   498  ccan.o(.text)
    CCanRouter::setBaudrate(unsigned)        0x08003541   Thumb Code     4  ccan.o(.text)
    CCanRouter::runTransmitter()             0x08003545   Thumb Code    78  ccan.o(.text)
    CCanRouter::runReceiver()                0x08003593   Thumb Code    90  ccan.o(.text)
    CCanRouter::putMsg(CanTxMsg&)            0x080035ed   Thumb Code    84  ccan.o(.text)
    CCanRouter::isTransmitterIdel()          0x08003641   Thumb Code   106  ccan.o(.text)
    CBaseTimer::CBaseTimer()                 0x080036d1   Thumb Code    16  timer.o(.text)
    CBaseTimer::CBaseTimer__sub_object()     0x080036d1   Thumb Code     0  timer.o(.text)
    CBaseTimer::doUpdate()                   0x080036e1   Thumb Code    16  timer.o(.text)
    CPUTIMER0_ISR()                          0x080036f1   Thumb Code    20  timer.o(.text)
    CBaseTimer::initialize()                 0x08003705   Thumb Code    66  timer.o(.text)
    CBaseTimer::delay_ms(unsigned short)     0x08003747   Thumb Code    12  timer.o(.text)
    Timer::Timer(int, int)                   0x08003753   Thumb Code    22  timer.o(.text)
    Timer::Timer__sub_object(int, int)       0x08003753   Thumb Code     0  timer.o(.text)
    Timer::isAbsoluteTimeUp()                0x08003769   Thumb Code    36  timer.o(.text)
    Timer::isTimeUp()                        0x0800378d   Thumb Code     2  timer.o(.text)
    Timer::reset()                           0x0800378f   Thumb Code    18  timer.o(.text)
    STMFLASH_GetFlashSector(unsigned)        0x080037ad   Thumb Code    74  stmflash.o(.text)
    FLASH_Sector_to_index(unsigned)          0x080037f7   Thumb Code    34  stmflash.o(.text)
    is_sector_erased(unsigned char)          0x08003819   Thumb Code    36  stmflash.o(.text)
    mark_sector_erased(unsigned char)        0x0800383d   Thumb Code    34  stmflash.o(.text)
    rst_addr_erase_mark(unsigned)            0x0800385f   Thumb Code    44  stmflash.o(.text)
    erase_sector_once(unsigned)              0x0800388b   Thumb Code    56  stmflash.o(.text)
    STMFLASH_write_bytes(unsigned, unsigned char*, unsigned short) 0x080038c3   Thumb Code   154  stmflash.o(.text)
    STMFLASH_write_bytes_noerase(unsigned, unsigned char*, unsigned short) 0x0800395d   Thumb Code    32  stmflash.o(.text)
    __c89vsnprintf                           0x08003a0d   Thumb Code    48  c89vsnprintf.o(.text)
    __aeabi_atexit                           0x08003a41   Thumb Code    46  aeabi_atexit.o(.text)
    strcpy                                   0x08003a6f   Thumb Code    72  strcpy.o(.text)
    strlen                                   0x08003ab7   Thumb Code    62  strlen.o(.text)
    __aeabi_memcpy                           0x08003af5   Thumb Code     0  rt_memcpy_v6.o(.text)
    __rt_memcpy                              0x08003af5   Thumb Code   138  rt_memcpy_v6.o(.text)
    _memcpy_lastbytes                        0x08003b5b   Thumb Code     0  rt_memcpy_v6.o(.text)
    __aeabi_memcpy4                          0x08003b7f   Thumb Code     0  rt_memcpy_w.o(.text)
    __aeabi_memcpy8                          0x08003b7f   Thumb Code     0  rt_memcpy_w.o(.text)
    __rt_memcpy_w                            0x08003b7f   Thumb Code   100  rt_memcpy_w.o(.text)
    _memcpy_lastbytes_aligned                0x08003bc7   Thumb Code     0  rt_memcpy_w.o(.text)
    __aeabi_memclr                           0x08003be3   Thumb Code     0  rt_memclr.o(.text)
    __rt_memclr                              0x08003be3   Thumb Code    68  rt_memclr.o(.text)
    _memset                                  0x08003be7   Thumb Code     0  rt_memclr.o(.text)
    __aeabi_memclr4                          0x08003c27   Thumb Code     0  rt_memclr_w.o(.text)
    __aeabi_memclr8                          0x08003c27   Thumb Code     0  rt_memclr_w.o(.text)
    __rt_memclr_w                            0x08003c27   Thumb Code    78  rt_memclr_w.o(.text)
    _memset_w                                0x08003c2b   Thumb Code     0  rt_memclr_w.o(.text)
    __use_two_region_memory                  0x08003c75   Thumb Code     2  heapauxi.o(.text)
    __rt_heap_escrow                         0x08003c77   Thumb Code     2  heapauxi.o(.text)
    __rt_heap_expand                         0x08003c79   Thumb Code     2  heapauxi.o(.text)
    __cpp_initialize__aeabi_                 0x08003c7d   Thumb Code    26  init_aeabi.o(.text)
    __rt_new_handler_addr                    0x08003ca1   Thumb Code     8  rt_new_handler_addr_intlibspace.o(.text)
    __rt_ddtor_pointer_addr                  0x08003ca9   Thumb Code     8  rt_ddtor_pointer_addr_intlibspace.o(.text)
    malloc                                   0x08003cb1   Thumb Code    94  h1_alloc.o(.text)
    free                                     0x08003d0f   Thumb Code    78  h1_free.o(.text)
    _printf_pre_padding                      0x08003d5d   Thumb Code    44  _printf_pad.o(.text)
    _printf_post_padding                     0x08003d89   Thumb Code    34  _printf_pad.o(.text)
    _printf_truncate_signed                  0x08003dab   Thumb Code    18  _printf_truncate.o(.text)
    _printf_truncate_unsigned                0x08003dbd   Thumb Code    18  _printf_truncate.o(.text)
    _printf_str                              0x08003dcf   Thumb Code    82  _printf_str.o(.text)
    _printf_int_dec                          0x08003e21   Thumb Code   104  _printf_dec.o(.text)
    _printf_charcount                        0x08003e99   Thumb Code    40  _printf_charcount.o(.text)
    _printf_char_common                      0x08003ecb   Thumb Code    32  _printf_char_common.o(.text)
    _sputc                                   0x08003ef1   Thumb Code    10  _sputc.o(.text)
    _snputc                                  0x08003efb   Thumb Code    16  _snputc.o(.text)
    _printf_wctomb                           0x08003f0d   Thumb Code   182  _printf_wctomb.o(.text)
    _printf_longlong_dec                     0x08003fc9   Thumb Code   108  _printf_longlong_dec.o(.text)
    _printf_longlong_oct                     0x08004045   Thumb Code    66  _printf_oct_int_ll.o(.text)
    _printf_int_oct                          0x08004087   Thumb Code    24  _printf_oct_int_ll.o(.text)
    _printf_ll_oct                           0x0800409f   Thumb Code    12  _printf_oct_int_ll.o(.text)
    _printf_longlong_hex                     0x080040b5   Thumb Code    86  _printf_hex_int_ll_ptr.o(.text)
    _printf_int_hex                          0x0800410b   Thumb Code    28  _printf_hex_int_ll_ptr.o(.text)
    _printf_ll_hex                           0x08004127   Thumb Code    12  _printf_hex_int_ll_ptr.o(.text)
    _printf_hex_ptr                          0x08004133   Thumb Code    18  _printf_hex_int_ll_ptr.o(.text)
    __printf                                 0x08004149   Thumb Code   388  __printf_flags_ss_wp.o(.text)
    __cxa_finalize                           0x080042d1   Thumb Code    66  cxa_finalize.o(.text)
    __rt_SIGPVFN                             0x08004313   Thumb Code    14  defsig_pvfn_outer.o(.text)
    __default_new_handler()                  0x08004321   Thumb Code     4  arm_newhandler_noexceptions.o(.text)
    __user_libspace                          0x08004325   Thumb Code     8  libspace.o(.text)
    __user_perproc_libspace                  0x08004325   Thumb Code     0  libspace.o(.text)
    __user_perthread_libspace                0x08004325   Thumb Code     0  libspace.o(.text)
    __rt_heap_descriptor                     0x0800432d   Thumb Code     8  rt_heap_descriptor_intlibspace.o(.text)
    __use_no_heap                            0x08004335   Thumb Code     2  hguard.o(.text)
    __heap$guard                             0x08004337   Thumb Code     2  hguard.o(.text)
    _terminate_user_alloc                    0x08004339   Thumb Code     2  init_alloc.o(.text)
    _init_user_alloc                         0x0800433b   Thumb Code     2  init_alloc.o(.text)
    __Heap_Full                              0x0800433d   Thumb Code    34  init_alloc.o(.text)
    __Heap_Broken                            0x0800435f   Thumb Code     6  init_alloc.o(.text)
    _init_alloc                              0x08004365   Thumb Code    94  init_alloc.o(.text)
    __Heap_Initialize                        0x080043c3   Thumb Code    10  h1_init.o(.text)
    __Heap_DescSize                          0x080043cd   Thumb Code     4  h1_init.o(.text)
    _ll_udiv10                               0x080043d1   Thumb Code   138  lludiv10.o(.text)
    _printf_int_common                       0x0800445b   Thumb Code   178  _printf_intcommon.o(.text)
    __lib_sel_fp_printf                      0x0800450d   Thumb Code     2  _printf_fp_dec.o(.text)
    _printf_fp_dec_real                      0x080046bf   Thumb Code   620  _printf_fp_dec.o(.text)
    _printf_cs_common                        0x0800492b   Thumb Code    20  _printf_char.o(.text)
    _printf_char                             0x0800493f   Thumb Code    16  _printf_char.o(.text)
    _printf_string                           0x0800494f   Thumb Code     8  _printf_char.o(.text)
    _printf_lcs_common                       0x08004957   Thumb Code    20  _printf_wchar.o(.text)
    _printf_wchar                            0x0800496b   Thumb Code    16  _printf_wchar.o(.text)
    _printf_wstring                          0x0800497b   Thumb Code     8  _printf_wchar.o(.text)
    _wcrtomb                                 0x08004983   Thumb Code    64  _wcrtomb.o(.text)
    __sig_exit                               0x080049c3   Thumb Code    10  defsig_exit.o(.text)
    __rt_SIGPVFN_inner                       0x080049cd   Thumb Code    14  defsig_pvfn_inner.o(.text)
    std::terminate()                         0x080049fd   Thumb Code    26  arm_exceptions_terminate.o(.text)
    __cxa_get_globals                        0x08004a1f   Thumb Code    62  arm_exceptions_globs.o(.text)
    _sys_exit                                0x08004a69   Thumb Code     8  sys_exit.o(.text)
    __user_setup_stackheap                   0x08004a75   Thumb Code    74  sys_stackheap_outer.o(.text)
    __rt_ctype_table                         0x08004ac1   Thumb Code    16  rt_ctype_table.o(.text)
    __rt_locale                              0x08004ad1   Thumb Code     8  rt_locale_intlibspace.o(.text)
    __rt_eh_globals_addr                     0x08004ad9   Thumb Code     8  rt_eh_globals_addr_intlibspace.o(.text)
    __Heap_ProvideMemory                     0x08004ae1   Thumb Code    52  h1_extend.o(.text)
    _printf_fp_infnan                        0x08004b15   Thumb Code   112  _printf_fp_infnan.o(.text)
    _btod_etento                             0x08004b95   Thumb Code   224  bigflt0.o(.text)
    exit                                     0x08004c79   Thumb Code    18  exit.o(.text)
    abort                                    0x08004c8b   Thumb Code    22  abort.o(.text)
    __default_signal_display                 0x08004ca1   Thumb Code    50  defsig_general.o(.text)
    __rt_SIGRTMEM                            0x08004cd3   Thumb Code    14  defsig_rtmem_outer.o(.text)
    __ARM_exceptions_buffer_init             0x08004ce1   Thumb Code    18  arm_exceptions_mem.o(.text)
    __ARM_exceptions_buffer_allocate         0x08004cf3   Thumb Code    22  arm_exceptions_mem.o(.text)
    __ARM_exceptions_buffer_free             0x08004d09   Thumb Code    20  arm_exceptions_mem.o(.text)
    _ttywrch                                 0x08004d1d   Thumb Code    14  sys_wrch.o(.text)
    __I$use$semihosting                      0x08004d2b   Thumb Code     0  use_no_semi.o(.text)
    __use_no_semihosting_swi                 0x08004d2b   Thumb Code     2  use_no_semi.o(.text)
    __rt_SIGABRT                             0x08004d2d   Thumb Code    14  defsig_abrt_outer.o(.text)
    __semihosting_library_function           0x08004d2d   Thumb Code     0  indicate_semi.o(.text)
    __rt_SIGRTMEM_inner                      0x08004d3d   Thumb Code    22  defsig_rtmem_inner.o(.text)
    strcmp                                   0x08004d8d   Thumb Code   128  strcmpv7m.o(.text)
    __rt_SIGABRT_inner                       0x08004e0d   Thumb Code    14  defsig_abrt_inner.o(.text)
    _btod_d2e                                0x08004e3d   Thumb Code    62  btod.o(CL$$btod_d2e)
    _d2e_denorm_low                          0x08004e7b   Thumb Code    70  btod.o(CL$$btod_d2e_denorm_low)
    _d2e_norm_op1                            0x08004ec1   Thumb Code    96  btod.o(CL$$btod_d2e_norm_op1)
    __btod_div_common                        0x08004f21   Thumb Code   696  btod.o(CL$$btod_div_common)
    _e2e                                     0x08005259   Thumb Code   220  btod.o(CL$$btod_e2e)
    _btod_ediv                               0x08005335   Thumb Code    42  btod.o(CL$$btod_ediv)
    _btod_emul                               0x0800535f   Thumb Code    42  btod.o(CL$$btod_emul)
    __btod_mult_common                       0x08005389   Thumb Code   580  btod.o(CL$$btod_mult_common)
    CCanConsole::~CCanConsole__deallocating() 0x080055cd   Thumb Code    14  ccanconsole.o(i._ZN11CCanConsoleD0Ev)
    CCanConsole::~CCanConsole()              0x080055dd   Thumb Code     6  ccanconsole.o(i._ZN11CCanConsoleD1Ev)
    CCanConsole::~CCanConsole__sub_object()  0x080055dd   Thumb Code     0  ccanconsole.o(i._ZN11CCanConsoleD1Ev)
    CRttConsole::getFreeSize()               0x080055e9   Thumb Code     4  console.o(i._ZN11CRttConsole11getFreeSizeEv)
    CRttConsole::open()                      0x080055ed   Thumb Code    10  console.o(i._ZN11CRttConsole4openEv)
    CRttConsole::write(unsigned char*, unsigned short) 0x080055f7   Thumb Code    12  console.o(i._ZN11CRttConsole5writeEPht)
    CRttConsole::isIdel()                    0x08005603   Thumb Code     4  console.o(i._ZN11CRttConsole6isIdelEv)
    CRttConsole::~CRttConsole__deallocating() 0x08005607   Thumb Code    14  console.o(i._ZN11CRttConsoleD0Ev)
    CRttConsole::~CRttConsole()              0x08005615   Thumb Code     6  console.o(i._ZN11CRttConsoleD1Ev)
    CRttConsole::~CRttConsole__sub_object()  0x08005615   Thumb Code     0  console.o(i._ZN11CRttConsoleD1Ev)
    CCanIapDevice::runTransmitter()          0x08005621   Thumb Code     2  caniapdevice.o(i._ZN13CCanIapDevice14runTransmitterEv)
    CCanIapDevice::~CCanIapDevice()          0x08005625   Thumb Code     6  caniapdevice.o(i._ZN13CCanIapDeviceD1Ev)
    CCanIapDevice::~CCanIapDevice__sub_object() 0x08005625   Thumb Code     0  caniapdevice.o(i._ZN13CCanIapDeviceD1Ev)
    CCharDev::is_dataflow_break()            0x08005631   Thumb Code    42  st_bootloader_protocol.o(i._ZN8CCharDev17is_dataflow_breakEv)
    CConsole::COstreamDev::runTransmitter()  0x0800565b   Thumb Code     2  ccanconsole.o(i._ZN8CConsole11COstreamDev14runTransmitterEv)
    CConsole::COstreamDev::~COstreamDev__deallocating() 0x0800565d   Thumb Code     8  ccanconsole.o(i._ZN8CConsole11COstreamDevD0Ev)
    operator delete (void*)                  0x08005669   Thumb Code     8  delete.o(i._ZdlPv)
    operator new(unsigned)                   0x08005671   Thumb Code    34  new.o(i._Znwj)
    __ARM_fpclassify                         0x08005699   Thumb Code    40  fpclassify.o(i.__ARM_fpclassify)
    __cxa_pure_virtual                       0x080056c1   Thumb Code     6  pure_virt.o(i.__cxa_pure_virtual)
    _is_digit                                0x080056c7   Thumb Code    14  __printf_wp.o(i._is_digit)
    _get_lc_numeric                          0x080056d5   Thumb Code    44  lc_numeric_c.o(locale$$code)
    _get_lc_ctype                            0x08005701   Thumb Code    44  lc_ctype_c.o(locale$$code)
    ringque_base<char>::push_array(char*, unsigned short) 0x0800572d   Thumb Code    92  console.o(t._ZN12ringque_baseIcE10push_arrayEPct)
    ringque_base<unsigned char>::push_array(unsigned char*, unsigned short) 0x08005789   Thumb Code    98  caniapdevice.o(t._ZN12ringque_baseIhE10push_arrayEPht)
    ringque_base<unsigned char>::pop_array(unsigned char*, unsigned short) 0x080057eb   Thumb Code    92  caniapdevice.o(t._ZN12ringque_baseIhE9pop_arrayEPht)
    NormalSingleton<CBaseTimer>::Instance()  0x08005849   Thumb Code    24  main.o(t._ZN15NormalSingletonI10CBaseTimerE8InstanceEv)
    NormalSingleton<CConsole>::Instance()    0x08005865   Thumb Code    24  main.o(t._ZN15NormalSingletonI8CConsoleE8InstanceEv)
    ringque_base<CanRxMsg>::elemsInQue() const 0x08005881   Thumb Code    24  ccan.o(t._ZNK12ringque_baseI8CanRxMsgE10elemsInQueEv)
    ringque_base<CanTxMsg>::elemsInQue() const 0x08005899   Thumb Code    24  ccanconsole.o(t._ZNK12ringque_baseI8CanTxMsgE10elemsInQueEv)
    ringque_base<char>::elemsInQue() const   0x080058b1   Thumb Code    16  console.o(t._ZNK12ringque_baseIcE10elemsInQueEv)
    ringque_base<char>::emptyElemsInQue() const 0x080058c1   Thumb Code    18  console.o(t._ZNK12ringque_baseIcE15emptyElemsInQueEv)
    ringque_base<unsigned char>::elemsInQue() const 0x080058d3   Thumb Code    16  caniapdevice.o(t._ZNK12ringque_baseIhE10elemsInQueEv)
    _printf_fp_dec                           0x080058e3   Thumb Code     4  printf1.o(x$fpl$printf1)
    FIRMWARE_VERSION                         0x080058e6   Data           1  main.o(.constdata)
    __I$use$fp                               0x080058e6   Number         0  usenofp.o(x$fpl$usenofp)
    vtable for CCanConsole                   0x08005a10   Data          40  ccanconsole.o(.constdata__ZTV11CCanConsole)
    vtable for CRttConsole                   0x08005a38   Data          40  console.o(.constdata__ZTV11CRttConsole)
    vtable for CCanIapDevice                 0x08005a60   Data          52  caniapdevice.o(.constdata__ZTV13CCanIapDevice)
    vtable for CCanRxMailbox                 0x08005a94   Data          12  ccan.o(.constdata__ZTV13CCanRxMailbox)
    vtable for CConsole::COstreamDev         0x08005aa0   Data          40  ccanconsole.o(.constdata__ZTVN8CConsole11COstreamDevE)
    Region$$Table$$Base                      0x08005b54   Number         0  anon$$obj.o(Region$$Table)
    Region$$Table$$Limit                     0x08005b74   Number         0  anon$$obj.o(Region$$Table)
    __ctype                                  0x08005b9d   Data           0  lc_ctype_c.o(locale$$data)
    SHT$$INIT_ARRAY$$Base                    0x08005ca0   Number         0  caniapdevice.o(.init_array)
    SHT$$INIT_ARRAY$$Limit                   0x08005cac   Number         0  init_aeabi.o(.init_array)
    SystemCoreClock                          0x20000004   Data           4  system_stm32f10x.o(.data)
    AHBPrescTable                            0x20000008   Data          16  system_stm32f10x.o(.data)
    jump2app                                 0x20000030   Data           4  iap.o(.data)
    bl_cmd_map                               0x20000044   Data          96  st_bootloader_protocol.o(.data)
    iap_device                               0x200000a4   Data           4  caniapdevice.o(.data)
    NormalSingleton<CBaseTimer>::ins         0x200000c8   Data           4  main.o(.data__ZN15NormalSingletonI10CBaseTimerE3insE)
    NormalSingleton<CConsole>::ins           0x200000cc   Data           4  main.o(.data__ZN15NormalSingletonI8CConsoleE3insE)
    test_buf                                 0x200000d0   Data          10  main.o(.bss)
    long_data_buffer                         0x200000e8   Data         300  st_bootloader_protocol.o(.bss)
    rxMailboxBuf                             0x20000214   Data         100  caniapdevice.o(.bss)
    rxQueueBuffer                            0x20000278   Data         300  caniapdevice.o(.bss)
    iapDevice                                0x200003a4   Data         104  caniapdevice.o(.bss)
    CConsole::txQueue_                       0x2000040c   Data         528  console.o(.bss)
    CConsole::vsnprintfBuf_                  0x2000061c   Data         128  console.o(.bss)
    _SEGGER_RTT                              0x2000069c   Data         168  segger_rtt.o(.bss)
    CanRouter1                               0x20000b54   Data         180  ccan.o(.bss)
    __libspace_start                         0x20001108   Data          96  libspace.o(.bss)
    __temporary_stack_top$libspace           0x20001168   Data           0  libspace.o(.bss)



==============================================================================

Memory Map of the image

  Image Entry point : 0x08000131

  Load Region LR_IROM1 (Base: 0x08000000, Size: 0x00005d7c, Max: 0x00008000, ABSOLUTE)

    Execution Region ER_IROM1 (Exec base: 0x08000000, Load base: 0x08000000, Size: 0x00005cac, Max: 0x00008000, ABSOLUTE)

    Exec Addr    Load Addr    Size         Type   Attr      Idx    E Section Name        Object

    0x08000000   0x08000000   0x00000130   Data   RO          486    RESET               startup_stm32f10x_hd.o
    0x08000130   0x08000130   0x00000008   Code   RO         1053  * !!!main             c_w.l(__main.o)
    0x08000138   0x08000138   0x00000034   Code   RO         1699    !!!scatter          c_w.l(__scatter.o)
    0x0800016c   0x0800016c   0x0000001a   Code   RO         1701    !!handler_copy      c_w.l(__scatter_copy.o)
    0x08000186   0x08000186   0x00000002   PAD
    0x08000188   0x08000188   0x0000001c   Code   RO         1703    !!handler_zi        c_w.l(__scatter_zi.o)
    0x080001a4   0x080001a4   0x00000000   Code   RO         1333    .ARM.Collect$$_printf_percent$$00000000  c_w.l(_printf_percent.o)
    0x080001a4   0x080001a4   0x00000006   Code   RO         1322    .ARM.Collect$$_printf_percent$$00000001  c_w.l(_printf_n.o)
    0x080001aa   0x080001aa   0x00000006   Code   RO         1324    .ARM.Collect$$_printf_percent$$00000002  c_w.l(_printf_p.o)
    0x080001b0   0x080001b0   0x00000006   Code   RO         1329    .ARM.Collect$$_printf_percent$$00000003  c_w.l(_printf_f.o)
    0x080001b6   0x080001b6   0x00000006   Code   RO         1330    .ARM.Collect$$_printf_percent$$00000004  c_w.l(_printf_e.o)
    0x080001bc   0x080001bc   0x00000006   Code   RO         1331    .ARM.Collect$$_printf_percent$$00000005  c_w.l(_printf_g.o)
    0x080001c2   0x080001c2   0x00000006   Code   RO         1332    .ARM.Collect$$_printf_percent$$00000006  c_w.l(_printf_a.o)
    0x080001c8   0x080001c8   0x0000000a   Code   RO         1337    .ARM.Collect$$_printf_percent$$00000007  c_w.l(_printf_ll.o)
    0x080001d2   0x080001d2   0x00000006   Code   RO         1326    .ARM.Collect$$_printf_percent$$00000008  c_w.l(_printf_i.o)
    0x080001d8   0x080001d8   0x00000006   Code   RO         1327    .ARM.Collect$$_printf_percent$$00000009  c_w.l(_printf_d.o)
    0x080001de   0x080001de   0x00000006   Code   RO         1328    .ARM.Collect$$_printf_percent$$0000000A  c_w.l(_printf_u.o)
    0x080001e4   0x080001e4   0x00000006   Code   RO         1325    .ARM.Collect$$_printf_percent$$0000000B  c_w.l(_printf_o.o)
    0x080001ea   0x080001ea   0x00000006   Code   RO         1323    .ARM.Collect$$_printf_percent$$0000000C  c_w.l(_printf_x.o)
    0x080001f0   0x080001f0   0x00000006   Code   RO         1334    .ARM.Collect$$_printf_percent$$0000000D  c_w.l(_printf_lli.o)
    0x080001f6   0x080001f6   0x00000006   Code   RO         1335    .ARM.Collect$$_printf_percent$$0000000E  c_w.l(_printf_lld.o)
    0x080001fc   0x080001fc   0x00000006   Code   RO         1336    .ARM.Collect$$_printf_percent$$0000000F  c_w.l(_printf_llu.o)
    0x08000202   0x08000202   0x00000006   Code   RO         1341    .ARM.Collect$$_printf_percent$$00000010  c_w.l(_printf_llo.o)
    0x08000208   0x08000208   0x00000006   Code   RO         1342    .ARM.Collect$$_printf_percent$$00000011  c_w.l(_printf_llx.o)
    0x0800020e   0x0800020e   0x0000000a   Code   RO         1338    .ARM.Collect$$_printf_percent$$00000012  c_w.l(_printf_l.o)
    0x08000218   0x08000218   0x00000006   Code   RO         1320    .ARM.Collect$$_printf_percent$$00000013  c_w.l(_printf_c.o)
    0x0800021e   0x0800021e   0x00000006   Code   RO         1321    .ARM.Collect$$_printf_percent$$00000014  c_w.l(_printf_s.o)
    0x08000224   0x08000224   0x00000006   Code   RO         1339    .ARM.Collect$$_printf_percent$$00000015  c_w.l(_printf_lc.o)
    0x0800022a   0x0800022a   0x00000006   Code   RO         1340    .ARM.Collect$$_printf_percent$$00000016  c_w.l(_printf_ls.o)
    0x08000230   0x08000230   0x00000004   Code   RO         1488    .ARM.Collect$$_printf_percent$$00000017  c_w.l(_printf_percent_end.o)
    0x08000234   0x08000234   0x00000002   Code   RO         1626    .ARM.Collect$$libinit$$00000000  c_w.l(libinit.o)
    0x08000236   0x08000236   0x00000000   Code   RO         1351    .ARM.Collect$$libinit$$00000002  c_w.l(libinit2.o)
    0x08000236   0x08000236   0x00000000   Code   RO         1353    .ARM.Collect$$libinit$$00000004  c_w.l(libinit2.o)
    0x08000236   0x08000236   0x00000008   Code   RO         1354    .ARM.Collect$$libinit$$00000005  c_w.l(libinit2.o)
    0x0800023e   0x0800023e   0x00000000   Code   RO         1356    .ARM.Collect$$libinit$$0000000A  c_w.l(libinit2.o)
    0x0800023e   0x0800023e   0x00000000   Code   RO         1358    .ARM.Collect$$libinit$$0000000C  c_w.l(libinit2.o)
    0x0800023e   0x0800023e   0x00000000   Code   RO         1360    .ARM.Collect$$libinit$$0000000E  c_w.l(libinit2.o)
    0x0800023e   0x0800023e   0x00000006   Code   RO         1361    .ARM.Collect$$libinit$$0000000F  c_w.l(libinit2.o)
    0x08000244   0x08000244   0x00000000   Code   RO         1363    .ARM.Collect$$libinit$$00000011  c_w.l(libinit2.o)
    0x08000244   0x08000244   0x0000000c   Code   RO         1364    .ARM.Collect$$libinit$$00000012  c_w.l(libinit2.o)
    0x08000250   0x08000250   0x00000000   Code   RO         1365    .ARM.Collect$$libinit$$00000013  c_w.l(libinit2.o)
    0x08000250   0x08000250   0x00000000   Code   RO         1367    .ARM.Collect$$libinit$$00000015  c_w.l(libinit2.o)
    0x08000250   0x08000250   0x0000000a   Code   RO         1368    .ARM.Collect$$libinit$$00000016  c_w.l(libinit2.o)
    0x0800025a   0x0800025a   0x00000000   Code   RO         1369    .ARM.Collect$$libinit$$00000017  c_w.l(libinit2.o)
    0x0800025a   0x0800025a   0x00000000   Code   RO         1371    .ARM.Collect$$libinit$$00000019  c_w.l(libinit2.o)
    0x0800025a   0x0800025a   0x00000000   Code   RO         1373    .ARM.Collect$$libinit$$0000001B  c_w.l(libinit2.o)
    0x0800025a   0x0800025a   0x00000000   Code   RO         1375    .ARM.Collect$$libinit$$0000001D  c_w.l(libinit2.o)
    0x0800025a   0x0800025a   0x00000000   Code   RO         1377    .ARM.Collect$$libinit$$0000001F  c_w.l(libinit2.o)
    0x0800025a   0x0800025a   0x00000000   Code   RO         1379    .ARM.Collect$$libinit$$00000021  c_w.l(libinit2.o)
    0x0800025a   0x0800025a   0x00000000   Code   RO         1381    .ARM.Collect$$libinit$$00000023  c_w.l(libinit2.o)
    0x0800025a   0x0800025a   0x00000000   Code   RO         1383    .ARM.Collect$$libinit$$00000025  c_w.l(libinit2.o)
    0x0800025a   0x0800025a   0x00000000   Code   RO         1387    .ARM.Collect$$libinit$$0000002C  c_w.l(libinit2.o)
    0x0800025a   0x0800025a   0x00000000   Code   RO         1389    .ARM.Collect$$libinit$$0000002E  c_w.l(libinit2.o)
    0x0800025a   0x0800025a   0x00000000   Code   RO         1391    .ARM.Collect$$libinit$$00000030  c_w.l(libinit2.o)
    0x0800025a   0x0800025a   0x00000004   Code   RO         1392    .ARM.Collect$$libinit$$00000031  c_w.l(libinit2.o)
    0x0800025e   0x0800025e   0x00000000   Code   RO         1393    .ARM.Collect$$libinit$$00000032  c_w.l(libinit2.o)
    0x0800025e   0x0800025e   0x00000002   Code   RO         1394    .ARM.Collect$$libinit$$00000033  c_w.l(libinit2.o)
    0x08000260   0x08000260   0x00000002   Code   RO         1696    .ARM.Collect$$libshutdown$$00000000  c_w.l(libshutdown.o)
    0x08000262   0x08000262   0x00000006   Code   RO         1499    .ARM.Collect$$libshutdown$$00000001  c_w.l(libshutdown2.o)
    0x08000268   0x08000268   0x00000000   Code   RO         1500    .ARM.Collect$$libshutdown$$00000002  c_w.l(libshutdown2.o)
    0x08000268   0x08000268   0x00000000   Code   RO         1502    .ARM.Collect$$libshutdown$$00000004  c_w.l(libshutdown2.o)
    0x08000268   0x08000268   0x00000000   Code   RO         1505    .ARM.Collect$$libshutdown$$00000007  c_w.l(libshutdown2.o)
    0x08000268   0x08000268   0x00000000   Code   RO         1508    .ARM.Collect$$libshutdown$$0000000A  c_w.l(libshutdown2.o)
    0x08000268   0x08000268   0x00000000   Code   RO         1510    .ARM.Collect$$libshutdown$$0000000C  c_w.l(libshutdown2.o)
    0x08000268   0x08000268   0x00000000   Code   RO         1513    .ARM.Collect$$libshutdown$$0000000F  c_w.l(libshutdown2.o)
    0x08000268   0x08000268   0x00000002   Code   RO         1514    .ARM.Collect$$libshutdown$$00000010  c_w.l(libshutdown2.o)
    0x0800026a   0x0800026a   0x00000000   Code   RO         1177    .ARM.Collect$$rtentry$$00000000  c_w.l(__rtentry.o)
    0x0800026a   0x0800026a   0x00000000   Code   RO         1435    .ARM.Collect$$rtentry$$00000002  c_w.l(__rtentry2.o)
    0x0800026a   0x0800026a   0x00000006   Code   RO         1447    .ARM.Collect$$rtentry$$00000004  c_w.l(__rtentry4.o)
    0x08000270   0x08000270   0x00000000   Code   RO         1437    .ARM.Collect$$rtentry$$00000009  c_w.l(__rtentry2.o)
    0x08000270   0x08000270   0x00000004   Code   RO         1438    .ARM.Collect$$rtentry$$0000000A  c_w.l(__rtentry2.o)
    0x08000274   0x08000274   0x00000000   Code   RO         1440    .ARM.Collect$$rtentry$$0000000C  c_w.l(__rtentry2.o)
    0x08000274   0x08000274   0x00000008   Code   RO         1441    .ARM.Collect$$rtentry$$0000000D  c_w.l(__rtentry2.o)
    0x0800027c   0x0800027c   0x00000002   Code   RO         1650    .ARM.Collect$$rtexit$$00000000  c_w.l(rtexit.o)
    0x0800027e   0x0800027e   0x00000000   Code   RO         1670    .ARM.Collect$$rtexit$$00000002  c_w.l(rtexit2.o)
    0x0800027e   0x0800027e   0x00000004   Code   RO         1671    .ARM.Collect$$rtexit$$00000003  c_w.l(rtexit2.o)
    0x08000282   0x08000282   0x00000006   Code   RO         1672    .ARM.Collect$$rtexit$$00000004  c_w.l(rtexit2.o)
    0x08000288   0x08000288   0x00000006   Code   RO          491    .emb_text           iap.o
    0x0800028e   0x0800028e   0x00000002   PAD
    0x08000290   0x08000290   0x00000000   Code   RO         1566    .emb_text           c_w.l(maybetermalloc1.o)
    0x08000290   0x08000290   0x00000028   Code   RO            1    .text               commonconfig.o
    0x080002b8   0x080002b8   0x00000016   Code   RO          105    .text               stm32f10x_it.o
    0x080002ce   0x080002ce   0x00000002   PAD
    0x080002d0   0x080002d0   0x00000204   Code   RO          132    .text               main.o
    0x080004d4   0x080004d4   0x000002f0   Code   RO          305    .text               powerupoption.o
    0x080007c4   0x080007c4   0x00000154   Code   RO          357    .text               system_stm32f10x.o
    0x08000918   0x08000918   0x000000b0   Code   RO          390    .text               misc.o
    0x080009c8   0x080009c8   0x0000026c   Code   RO          403    .text               stm32f10x_gpio.o
    0x08000c34   0x08000c34   0x000002b4   Code   RO          416    .text               stm32f10x_rcc.o
    0x08000ee8   0x08000ee8   0x00000708   Code   RO          431    .text               stm32f10x_can.o
    0x080015f0   0x080015f0   0x0000047c   Code   RO          470    .text               stm32f10x_flash.o
    0x08001a6c   0x08001a6c   0x00000040   Code   RO          487    .text               startup_stm32f10x_hd.o
    0x08001aac   0x08001aac   0x000001d4   Code   RO          492    .text               iap.o
    0x08001c80   0x08001c80   0x00000750   Code   RO          539    .text               st_bootloader_protocol.o
    0x080023d0   0x080023d0   0x000001dc   Code   RO          567    .text               caniapdevice.o
    0x080025ac   0x080025ac   0x00000160   Code   RO          688    .text               ccanconsole.o
    0x0800270c   0x0800270c   0x000001d4   Code   RO          770    .text               console.o
    0x080028e0   0x080028e0   0x0000075c   Code   RO          891    .text               segger_rtt.o
    0x0800303c   0x0800303c   0x00000694   Code   RO          915    .text               ccan.o
    0x080036d0   0x080036d0   0x000000dc   Code   RO          983    .text               timer.o
    0x080037ac   0x080037ac   0x00000260   Code   RO         1013    .text               stmflash.o
    0x08003a0c   0x08003a0c   0x00000034   Code   RO         1031    .text               c_w.l(c89vsnprintf.o)
    0x08003a40   0x08003a40   0x0000002e   Code   RO         1036    .text               c_w.l(aeabi_atexit.o)
    0x08003a6e   0x08003a6e   0x00000048   Code   RO         1039    .text               c_w.l(strcpy.o)
    0x08003ab6   0x08003ab6   0x0000003e   Code   RO         1041    .text               c_w.l(strlen.o)
    0x08003af4   0x08003af4   0x0000008a   Code   RO         1043    .text               c_w.l(rt_memcpy_v6.o)
    0x08003b7e   0x08003b7e   0x00000064   Code   RO         1045    .text               c_w.l(rt_memcpy_w.o)
    0x08003be2   0x08003be2   0x00000044   Code   RO         1047    .text               c_w.l(rt_memclr.o)
    0x08003c26   0x08003c26   0x0000004e   Code   RO         1049    .text               c_w.l(rt_memclr_w.o)
    0x08003c74   0x08003c74   0x00000006   Code   RO         1051    .text               c_w.l(heapauxi.o)
    0x08003c7a   0x08003c7a   0x00000002   PAD
    0x08003c7c   0x08003c7c   0x00000024   Code   RO         1058    .text               c_w.l(init_aeabi.o)
    0x08003ca0   0x08003ca0   0x00000008   Code   RO         1181    .text               c_w.l(rt_new_handler_addr_intlibspace.o)
    0x08003ca8   0x08003ca8   0x00000008   Code   RO         1186    .text               c_w.l(rt_ddtor_pointer_addr_intlibspace.o)
    0x08003cb0   0x08003cb0   0x0000005e   Code   RO         1192    .text               c_w.l(h1_alloc.o)
    0x08003d0e   0x08003d0e   0x0000004e   Code   RO         1194    .text               c_w.l(h1_free.o)
    0x08003d5c   0x08003d5c   0x0000004e   Code   RO         1252    .text               c_w.l(_printf_pad.o)
    0x08003daa   0x08003daa   0x00000024   Code   RO         1254    .text               c_w.l(_printf_truncate.o)
    0x08003dce   0x08003dce   0x00000052   Code   RO         1256    .text               c_w.l(_printf_str.o)
    0x08003e20   0x08003e20   0x00000078   Code   RO         1258    .text               c_w.l(_printf_dec.o)
    0x08003e98   0x08003e98   0x00000028   Code   RO         1260    .text               c_w.l(_printf_charcount.o)
    0x08003ec0   0x08003ec0   0x00000030   Code   RO         1262    .text               c_w.l(_printf_char_common.o)
    0x08003ef0   0x08003ef0   0x0000000a   Code   RO         1264    .text               c_w.l(_sputc.o)
    0x08003efa   0x08003efa   0x00000010   Code   RO         1266    .text               c_w.l(_snputc.o)
    0x08003f0a   0x08003f0a   0x00000002   PAD
    0x08003f0c   0x08003f0c   0x000000bc   Code   RO         1268    .text               c_w.l(_printf_wctomb.o)
    0x08003fc8   0x08003fc8   0x0000007c   Code   RO         1271    .text               c_w.l(_printf_longlong_dec.o)
    0x08004044   0x08004044   0x00000070   Code   RO         1277    .text               c_w.l(_printf_oct_int_ll.o)
    0x080040b4   0x080040b4   0x00000094   Code   RO         1297    .text               c_w.l(_printf_hex_int_ll_ptr.o)
    0x08004148   0x08004148   0x00000188   Code   RO         1317    .text               c_w.l(__printf_flags_ss_wp.o)
    0x080042d0   0x080042d0   0x00000042   Code   RO         1343    .text               c_w.l(cxa_finalize.o)
    0x08004312   0x08004312   0x0000000e   Code   RO         1346    .text               c_w.l(defsig_pvfn_outer.o)
    0x08004320   0x08004320   0x00000004   Code   RO         1398    .text               cpprt_w.l(arm_newhandler_noexceptions.o)
    0x08004324   0x08004324   0x00000008   Code   RO         1429    .text               c_w.l(libspace.o)
    0x0800432c   0x0800432c   0x00000008   Code   RO         1454    .text               c_w.l(rt_heap_descriptor_intlibspace.o)
    0x08004334   0x08004334   0x00000004   Code   RO         1456    .text               c_w.l(hguard.o)
    0x08004338   0x08004338   0x0000008a   Code   RO         1458    .text               c_w.l(init_alloc.o)
    0x080043c2   0x080043c2   0x0000000e   Code   RO         1462    .text               c_w.l(h1_init.o)
    0x080043d0   0x080043d0   0x0000008a   Code   RO         1476    .text               c_w.l(lludiv10.o)
    0x0800445a   0x0800445a   0x000000b2   Code   RO         1478    .text               c_w.l(_printf_intcommon.o)
    0x0800450c   0x0800450c   0x0000041e   Code   RO         1480    .text               c_w.l(_printf_fp_dec.o)
    0x0800492a   0x0800492a   0x0000002c   Code   RO         1484    .text               c_w.l(_printf_char.o)
    0x08004956   0x08004956   0x0000002c   Code   RO         1486    .text               c_w.l(_printf_wchar.o)
    0x08004982   0x08004982   0x00000040   Code   RO         1489    .text               c_w.l(_wcrtomb.o)
    0x080049c2   0x080049c2   0x0000000a   Code   RO         1491    .text               c_w.l(defsig_exit.o)
    0x080049cc   0x080049cc   0x00000030   Code   RO         1493    .text               c_w.l(defsig_pvfn_inner.o)
    0x080049fc   0x080049fc   0x0000001a   Code   RO         1531    .text               cpprt_w.l(arm_exceptions_terminate.o)
    0x08004a16   0x08004a16   0x00000002   PAD
    0x08004a18   0x08004a18   0x00000050   Code   RO         1538    .text               cpprt_w.l(arm_exceptions_globs.o)
    0x08004a68   0x08004a68   0x0000000c   Code   RO         1548    .text               c_w.l(sys_exit.o)
    0x08004a74   0x08004a74   0x0000004a   Code   RO         1550    .text               c_w.l(sys_stackheap_outer.o)
    0x08004abe   0x08004abe   0x00000002   PAD
    0x08004ac0   0x08004ac0   0x00000010   Code   RO         1552    .text               c_w.l(rt_ctype_table.o)
    0x08004ad0   0x08004ad0   0x00000008   Code   RO         1557    .text               c_w.l(rt_locale_intlibspace.o)
    0x08004ad8   0x08004ad8   0x00000008   Code   RO         1562    .text               c_w.l(rt_eh_globals_addr_intlibspace.o)
    0x08004ae0   0x08004ae0   0x00000034   Code   RO         1568    .text               c_w.l(h1_extend.o)
    0x08004b14   0x08004b14   0x00000080   Code   RO         1572    .text               c_w.l(_printf_fp_infnan.o)
    0x08004b94   0x08004b94   0x000000e4   Code   RO         1574    .text               c_w.l(bigflt0.o)
    0x08004c78   0x08004c78   0x00000012   Code   RO         1602    .text               c_w.l(exit.o)
    0x08004c8a   0x08004c8a   0x00000016   Code   RO         1604    .text               c_w.l(abort.o)
    0x08004ca0   0x08004ca0   0x00000032   Code   RO         1608    .text               c_w.l(defsig_general.o)
    0x08004cd2   0x08004cd2   0x0000000e   Code   RO         1610    .text               c_w.l(defsig_rtmem_outer.o)
    0x08004ce0   0x08004ce0   0x0000003c   Code   RO         1630    .text               cpprt_w.l(arm_exceptions_mem.o)
    0x08004d1c   0x08004d1c   0x0000000e   Code   RO         1645    .text               c_w.l(sys_wrch.o)
    0x08004d2a   0x08004d2a   0x00000002   Code   RO         1647    .text               c_w.l(use_no_semi.o)
    0x08004d2c   0x08004d2c   0x00000000   Code   RO         1649    .text               c_w.l(indicate_semi.o)
    0x08004d2c   0x08004d2c   0x0000000e   Code   RO         1659    .text               c_w.l(defsig_abrt_outer.o)
    0x08004d3a   0x08004d3a   0x00000002   PAD
    0x08004d3c   0x08004d3c   0x00000050   Code   RO         1663    .text               c_w.l(defsig_rtmem_inner.o)
    0x08004d8c   0x08004d8c   0x00000080   Code   RO         1667    .text               c_w.l(strcmpv7m.o)
    0x08004e0c   0x08004e0c   0x00000030   Code   RO         1680    .text               c_w.l(defsig_abrt_inner.o)
    0x08004e3c   0x08004e3c   0x0000003e   Code   RO         1577    CL$$btod_d2e        c_w.l(btod.o)
    0x08004e7a   0x08004e7a   0x00000046   Code   RO         1579    CL$$btod_d2e_denorm_low  c_w.l(btod.o)
    0x08004ec0   0x08004ec0   0x00000060   Code   RO         1578    CL$$btod_d2e_norm_op1  c_w.l(btod.o)
    0x08004f20   0x08004f20   0x00000338   Code   RO         1587    CL$$btod_div_common  c_w.l(btod.o)
    0x08005258   0x08005258   0x000000dc   Code   RO         1584    CL$$btod_e2e        c_w.l(btod.o)
    0x08005334   0x08005334   0x0000002a   Code   RO         1581    CL$$btod_ediv       c_w.l(btod.o)
    0x0800535e   0x0800535e   0x0000002a   Code   RO         1580    CL$$btod_emul       c_w.l(btod.o)
    0x08005388   0x08005388   0x00000244   Code   RO         1586    CL$$btod_mult_common  c_w.l(btod.o)
    0x080055cc   0x080055cc   0x0000000e   Code   RO          719    i._ZN11CCanConsoleD0Ev  ccanconsole.o
    0x080055da   0x080055da   0x00000002   PAD
    0x080055dc   0x080055dc   0x0000000c   Code   RO          701    i._ZN11CCanConsoleD1Ev  ccanconsole.o
    0x080055e8   0x080055e8   0x00000004   Code   RO          826    i._ZN11CRttConsole11getFreeSizeEv  console.o
    0x080055ec   0x080055ec   0x0000000a   Code   RO          820    i._ZN11CRttConsole4openEv  console.o
    0x080055f6   0x080055f6   0x0000000c   Code   RO          814    i._ZN11CRttConsole5writeEPht  console.o
    0x08005602   0x08005602   0x00000004   Code   RO          832    i._ZN11CRttConsole6isIdelEv  console.o
    0x08005606   0x08005606   0x0000000e   Code   RO          811    i._ZN11CRttConsoleD0Ev  console.o
    0x08005614   0x08005614   0x0000000c   Code   RO          805    i._ZN11CRttConsoleD1Ev  console.o
    0x08005620   0x08005620   0x00000002   Code   RO          602    i._ZN13CCanIapDevice14runTransmitterEv  caniapdevice.o
    0x08005622   0x08005622   0x00000002   PAD
    0x08005624   0x08005624   0x0000000c   Code   RO          608    i._ZN13CCanIapDeviceD1Ev  caniapdevice.o
    0x08005630   0x08005630   0x0000002a   Code   RO          556    i._ZN8CCharDev17is_dataflow_breakEv  st_bootloader_protocol.o
    0x0800565a   0x0800565a   0x00000002   Code   RO          737    i._ZN8CConsole11COstreamDev14runTransmitterEv  ccanconsole.o
    0x0800565c   0x0800565c   0x0000000c   Code   RO          734    i._ZN8CConsole11COstreamDevD0Ev  ccanconsole.o
    0x08005668   0x08005668   0x00000008   Code   RO         1061    i._ZdlPv            cpprt_w.l(delete.o)
    0x08005670   0x08005670   0x00000028   Code   RO         1064    i._Znwj             cpprt_w.l(new.o)
    0x08005698   0x08005698   0x00000028   Code   RO         1643    i.__ARM_fpclassify  m_ws.l(fpclassify.o)
    0x080056c0   0x080056c0   0x00000006   Code   RO         1068    i.__cxa_pure_virtual  cpprt_w.l(pure_virt.o)
    0x080056c6   0x080056c6   0x0000000e   Code   RO         1310    i._is_digit         c_w.l(__printf_wp.o)
    0x080056d4   0x080056d4   0x0000002c   Code   RO         1600    locale$$code        c_w.l(lc_numeric_c.o)
    0x08005700   0x08005700   0x0000002c   Code   RO         1655    locale$$code        c_w.l(lc_ctype_c.o)
    0x0800572c   0x0800572c   0x0000005c   Code   RO          783    t._ZN12ringque_baseIcE10push_arrayEPct  console.o
    0x08005788   0x08005788   0x00000062   Code   RO          590    t._ZN12ringque_baseIhE10push_arrayEPht  caniapdevice.o
    0x080057ea   0x080057ea   0x0000005c   Code   RO          596    t._ZN12ringque_baseIhE9pop_arrayEPht  caniapdevice.o
    0x08005846   0x08005846   0x00000002   PAD
    0x08005848   0x08005848   0x0000001c   Code   RO          154    t._ZN15NormalSingletonI10CBaseTimerE8InstanceEv  main.o
    0x08005864   0x08005864   0x0000001c   Code   RO          148    t._ZN15NormalSingletonI8CConsoleE8InstanceEv  main.o
    0x08005880   0x08005880   0x00000018   Code   RO          933    t._ZNK12ringque_baseI8CanRxMsgE10elemsInQueEv  ccan.o
    0x08005898   0x08005898   0x00000018   Code   RO          713    t._ZNK12ringque_baseI8CanTxMsgE10elemsInQueEv  ccanconsole.o
    0x080058b0   0x080058b0   0x00000010   Code   RO          789    t._ZNK12ringque_baseIcE10elemsInQueEv  console.o
    0x080058c0   0x080058c0   0x00000012   Code   RO          795    t._ZNK12ringque_baseIcE15emptyElemsInQueEv  console.o
    0x080058d2   0x080058d2   0x00000010   Code   RO          584    t._ZNK12ringque_baseIhE10elemsInQueEv  caniapdevice.o
    0x080058e2   0x080058e2   0x00000004   Code   RO         1427    x$fpl$printf1       fz_ws.l(printf1.o)
    0x080058e6   0x080058e6   0x00000000   Code   RO         1642    x$fpl$usenofp       fz_ws.l(usenofp.o)
    0x080058e6   0x080058e6   0x00000001   Data   RO          137    .constdata          main.o
    0x080058e7   0x080058e7   0x00000008   Data   RO          494    .constdata          iap.o
    0x080058ef   0x080058ef   0x00000025   Data   RO          543    .constdata          st_bootloader_protocol.o
    0x08005914   0x08005914   0x00000021   Data   RO          919    .constdata          ccan.o
    0x08005935   0x08005935   0x00000003   PAD
    0x08005938   0x08005938   0x00000008   Data   RO         1269    .constdata          c_w.l(_printf_wctomb.o)
    0x08005940   0x08005940   0x00000028   Data   RO         1298    .constdata          c_w.l(_printf_hex_int_ll_ptr.o)
    0x08005968   0x08005968   0x00000011   Data   RO         1318    .constdata          c_w.l(__printf_flags_ss_wp.o)
    0x08005979   0x08005979   0x00000003   PAD
    0x0800597c   0x0800597c   0x00000094   Data   RO         1575    .constdata          c_w.l(bigflt0.o)
    0x08005a10   0x08005a10   0x00000028   Data   RO          700    .constdata__ZTV11CCanConsole  ccanconsole.o
    0x08005a38   0x08005a38   0x00000028   Data   RO          802    .constdata__ZTV11CRttConsole  console.o
    0x08005a60   0x08005a60   0x00000034   Data   RO          583    .constdata__ZTV13CCanIapDevice  caniapdevice.o
    0x08005a94   0x08005a94   0x0000000c   Data   RO          932    .constdata__ZTV13CCanRxMailbox  ccan.o
    0x08005aa0   0x08005aa0   0x00000028   Data   RO          723    .constdata__ZTVN8CConsole11COstreamDevE  ccanconsole.o
    0x08005ac8   0x08005ac8   0x0000008b   Data   RO          544    .conststring        st_bootloader_protocol.o
    0x08005b53   0x08005b53   0x00000001   PAD
    0x08005b54   0x08005b54   0x00000020   Data   RO         1697    Region$$Table       anon$$obj.o
    0x08005b74   0x08005b74   0x0000001c   Data   RO         1599    locale$$data        c_w.l(lc_numeric_c.o)
    0x08005b90   0x08005b90   0x00000110   Data   RO         1654    locale$$data        c_w.l(lc_ctype_c.o)
    0x08005ca0   0x08005ca0   0x00000004   Data   RO          572    .init_array         caniapdevice.o
    0x08005ca4   0x08005ca0   0x00000004   Data   RO          774    .init_array         console.o
    0x08005ca8   0x08005ca0   0x00000004   Data   RO          921    .init_array         ccan.o
    0x08005cac   0x08005ca0   0x00000000   Data   RO         1056    .init_array         c_w.l(init_aeabi.o)


    Execution Region RW_IRAM1 (Exec base: 0x20000000, Load base: 0x08005cac, Size: 0x00001768, Max: 0x00005000, ABSOLUTE)

    Exec Addr    Load Addr    Size         Type   Attr      Idx    E Section Name        Object

    0x20000000   0x08005cac   0x00000004   Data   RW          308    .data               powerupoption.o
    0x20000004   0x08005cb0   0x00000014   Data   RW          359    .data               system_stm32f10x.o
    0x20000018   0x08005cc4   0x00000014   Data   RW          418    .data               stm32f10x_rcc.o
    0x2000002c   0x08005cd8   0x00000008   Data   RW          495    .data               iap.o
    0x20000034   0x08005ce0   0x00000070   Data   RW          545    .data               st_bootloader_protocol.o
    0x200000a4   0x08005d50   0x00000004   Data   RW          571    .data               caniapdevice.o
    0x200000a8   0x08005d54   0x00000002   Data   RW          691    .data               ccanconsole.o
    0x200000aa   0x08005d56   0x00000011   Data   RW          894    .data               segger_rtt.o
    0x200000bb   0x08005d67   0x00000001   PAD
    0x200000bc   0x08005d68   0x00000002   Data   RW          920    .data               ccan.o
    0x200000be   0x08005d6a   0x00000002   PAD
    0x200000c0   0x08005d6c   0x00000008   Data   RW         1015    .data               stmflash.o
    0x200000c8   0x08005d74   0x00000004   Data   RW          160    .data__ZN15NormalSingletonI10CBaseTimerE3insE  main.o
    0x200000cc   0x08005d78   0x00000004   Data   RW          161    .data__ZN15NormalSingletonI8CConsoleE3insE  main.o
    0x200000d0        -       0x0000000a   Zero   RW          135    .bss                main.o
    0x200000da   0x08005d7c   0x00000002   PAD
    0x200000dc        -       0x0000000c   Zero   RW          307    .bss                powerupoption.o
    0x200000e8        -       0x0000012c   Zero   RW          542    .bss                st_bootloader_protocol.o
    0x20000214        -       0x000001f8   Zero   RW          570    .bss                caniapdevice.o
    0x2000040c        -       0x00000290   Zero   RW          773    .bss                console.o
    0x2000069c        -       0x000004b8   Zero   RW          893    .bss                segger_rtt.o
    0x20000b54        -       0x000005b4   Zero   RW          918    .bss                ccan.o
    0x20001108        -       0x00000060   Zero   RW         1430    .bss                c_w.l(libspace.o)
    0x20001168        -       0x00000200   Zero   RW          485    HEAP                startup_stm32f10x_hd.o
    0x20001368        -       0x00000400   Zero   RW          484    STACK               startup_stm32f10x_hd.o


==============================================================================

Image component sizes


      Code (inc. data)   RO Data    RW Data    ZI Data      Debug   Object Name

       696         34         56          4        504      18345   caniapdevice.o
      1708        290         49          2       1460      15338   ccan.o
       416         26         80          2          0      10684   ccanconsole.o
        40          4          0          0          0     255054   commonconfig.o
       650         18         44          0        656      13412   console.o
         0          0          0          0          0         32   core_cm3.o
       474        192          8          8          0       5547   iap.o
       572        230          1          8         10     218733   main.o
       176         14          0          0          0       1821   misc.o
       752        346          0          4         12       5883   powerupoption.o
         0          0          0          0          0        576   rtt_vsnprintf.o
      1884         36          0         17       1208      15362   segger_rtt.o
      1914        596        176        112        300       6688   st_bootloader_protocol.o
        64         26        304          0       1536        804   startup_stm32f10x_hd.o
      1800         42          0          0          0       8636   stm32f10x_can.o
      1148         22          0          0          0       9240   stm32f10x_flash.o
       620         36          0          0          0       5809   stm32f10x_gpio.o
        22          0          0          0          0       1341   stm32f10x_it.o
       692         32          0         20          0       8944   stm32f10x_rcc.o
       608        144          0          8          0       4470   stmflash.o
       340         32          0         20          0       1987   system_stm32f10x.o
       220         12          0          0          0      19768   timer.o

    ----------------------------------------------------------------------
     14806       2132        754        208       5688     628474   Object Totals
         0          0         32          0          0          0   (incl. Generated)
        10          0          4          3          2          0   (incl. Padding)

    ----------------------------------------------------------------------

      Code (inc. data)   RO Data    RW Data    ZI Data      Debug   Library Member Name

         8          0          0          0          0         68   __main.o
       392          4         17          0          0         92   __printf_flags_ss_wp.o
        14          0          0          0          0         68   __printf_wp.o
         0          0          0          0          0          0   __rtentry.o
        12          0          0          0          0          0   __rtentry2.o
         6          0          0          0          0          0   __rtentry4.o
        52          8          0          0          0          0   __scatter.o
        26          0          0          0          0          0   __scatter_copy.o
        28          0          0          0          0          0   __scatter_zi.o
         6          0          0          0          0          0   _printf_a.o
         6          0          0          0          0          0   _printf_c.o
        44          0          0          0          0        108   _printf_char.o
        48          6          0          0          0         96   _printf_char_common.o
        40          0          0          0          0         68   _printf_charcount.o
         6          0          0          0          0          0   _printf_d.o
       120         16          0          0          0         92   _printf_dec.o
         6          0          0          0          0          0   _printf_e.o
         6          0          0          0          0          0   _printf_f.o
      1054          0          0          0          0        216   _printf_fp_dec.o
       128         16          0          0          0         84   _printf_fp_infnan.o
         6          0          0          0          0          0   _printf_g.o
       148          4         40          0          0        160   _printf_hex_int_ll_ptr.o
         6          0          0          0          0          0   _printf_i.o
       178          0          0          0          0         88   _printf_intcommon.o
        10          0          0          0          0          0   _printf_l.o
         6          0          0          0          0          0   _printf_lc.o
        10          0          0          0          0          0   _printf_ll.o
         6          0          0          0          0          0   _printf_lld.o
         6          0          0          0          0          0   _printf_lli.o
         6          0          0          0          0          0   _printf_llo.o
         6          0          0          0          0          0   _printf_llu.o
         6          0          0          0          0          0   _printf_llx.o
       124         16          0          0          0         92   _printf_longlong_dec.o
         6          0          0          0          0          0   _printf_ls.o
         6          0          0          0          0          0   _printf_n.o
         6          0          0          0          0          0   _printf_o.o
       112         10          0          0          0        124   _printf_oct_int_ll.o
         6          0          0          0          0          0   _printf_p.o
        78          0          0          0          0        108   _printf_pad.o
         0          0          0          0          0          0   _printf_percent.o
         4          0          0          0          0          0   _printf_percent_end.o
         6          0          0          0          0          0   _printf_s.o
        82          0          0          0          0         80   _printf_str.o
        36          0          0          0          0         84   _printf_truncate.o
         6          0          0          0          0          0   _printf_u.o
        44          0          0          0          0        108   _printf_wchar.o
       188          6          8          0          0         92   _printf_wctomb.o
         6          0          0          0          0          0   _printf_x.o
        16          0          0          0          0         68   _snputc.o
        10          0          0          0          0         68   _sputc.o
        64          0          0          0          0         92   _wcrtomb.o
        22          0          0          0          0         80   abort.o
        46          0          0          0          0         84   aeabi_atexit.o
       228          4        148          0          0         96   bigflt0.o
      1936        128          0          0          0        672   btod.o
        52          4          0          0          0         80   c89vsnprintf.o
        66          0          0          0          0         84   cxa_finalize.o
        48         34          0          0          0         76   defsig_abrt_inner.o
        14          0          0          0          0         80   defsig_abrt_outer.o
        10          0          0          0          0         68   defsig_exit.o
        50          0          0          0          0         88   defsig_general.o
        48         34          0          0          0         76   defsig_pvfn_inner.o
        14          0          0          0          0         80   defsig_pvfn_outer.o
        80         58          0          0          0         76   defsig_rtmem_inner.o
        14          0          0          0          0         80   defsig_rtmem_outer.o
        18          0          0          0          0         80   exit.o
        94          0          0          0          0         80   h1_alloc.o
        52          0          0          0          0         68   h1_extend.o
        78          0          0          0          0         80   h1_free.o
        14          0          0          0          0         84   h1_init.o
         6          0          0          0          0        152   heapauxi.o
         4          0          0          0          0        136   hguard.o
         0          0          0          0          0          0   indicate_semi.o
        36         10          0          0          0         80   init_aeabi.o
       138          0          0          0          0        168   init_alloc.o
        44         10        272          0          0         76   lc_ctype_c.o
        44         10         28          0          0         76   lc_numeric_c.o
         2          0          0          0          0          0   libinit.o
        42          0          0          0          0          0   libinit2.o
         2          0          0          0          0          0   libshutdown.o
         8          0          0          0          0          0   libshutdown2.o
         8          4          0          0         96         68   libspace.o
       138          0          0          0          0         80   lludiv10.o
         0          0          0          0          0          0   maybetermalloc1.o
        16          4          0          0          0         76   rt_ctype_table.o
         8          4          0          0          0         68   rt_ddtor_pointer_addr_intlibspace.o
         8          4          0          0          0         68   rt_eh_globals_addr_intlibspace.o
         8          4          0          0          0         68   rt_heap_descriptor_intlibspace.o
         8          4          0          0          0         68   rt_locale_intlibspace.o
        68          0          0          0          0         68   rt_memclr.o
        78          0          0          0          0         80   rt_memclr_w.o
       138          0          0          0          0         68   rt_memcpy_v6.o
       100          0          0          0          0         80   rt_memcpy_w.o
         8          4          0          0          0         68   rt_new_handler_addr_intlibspace.o
         2          0          0          0          0          0   rtexit.o
        10          0          0          0          0          0   rtexit2.o
       128          0          0          0          0         68   strcmpv7m.o
        72          0          0          0          0         80   strcpy.o
        62          0          0          0          0         76   strlen.o
        12          4          0          0          0         68   sys_exit.o
        74          0          0          0          0         80   sys_stackheap_outer.o
        14          0          0          0          0         76   sys_wrch.o
         2          0          0          0          0         68   use_no_semi.o
        80         12          0          0          0        104   arm_exceptions_globs.o
        60          0          0          0          0        108   arm_exceptions_mem.o
        26          0          0          0          0         76   arm_exceptions_terminate.o
         4          0          0          0          0         68   arm_newhandler_noexceptions.o
         8          0          0          0          0         76   delete.o
        40          6          0          0          0         76   new.o
         6          0          0          0          0         68   pure_virt.o
         4          0          0          0          0         68   printf1.o
         0          0          0          0          0          0   usenofp.o
        40          0          0          0          0         68   fpclassify.o

    ----------------------------------------------------------------------
      7648        428        516          0         96       6944   Library Totals
        12          0          3          0          0          0   (incl. Padding)

    ----------------------------------------------------------------------

      Code (inc. data)   RO Data    RW Data    ZI Data      Debug   Library Name

      7368        410        513          0         96       6232   c_w.l
       224         18          0          0          0        576   cpprt_w.l
         4          0          0          0          0         68   fz_ws.l
        40          0          0          0          0         68   m_ws.l

    ----------------------------------------------------------------------
      7648        428        516          0         96       6944   Library Totals

    ----------------------------------------------------------------------

==============================================================================


      Code (inc. data)   RO Data    RW Data    ZI Data      Debug   

     22454       2560       1270        208       5784     627666   Grand Totals
     22454       2560       1270        208       5784     627666   ELF Image Totals
     22454       2560       1270        208          0          0   ROM Totals

==============================================================================

    Total RO  Size (Code + RO Data)                23724 (  23.17kB)
    Total RW  Size (RW Data + ZI Data)              5992 (   5.85kB)
    Total ROM Size (Code + RO Data + RW Data)      23932 (  23.37kB)

==============================================================================

