<html>
<body>
<pre>
<h1>礦ision Build Log</h1>
<h2>Tool Versions:</h2>
IDE-Version: μVision V5.23.0.0
Copyright (C) 2017 ARM Ltd and ARM Germany GmbH. All rights reserved.
License Information: darboy hc, seer, LIC=EPPAR-K2IMA-UK1B6-DGKFU-AJNCV-X361V
 
Tool Versions:
Toolchain:       MDK-ARM Professional  Version: 5.23
Toolchain Path:  C:\Keil_v5\ARM\ARMCC\Bin
C Compiler:      Armcc.exe V5.06 update 4 (build 422)
Assembler:       Armasm.exe V5.06 update 4 (build 422)
Linker/Locator:  ArmLink.exe V5.06 update 4 (build 422)
Library Manager: ArmAr.exe V5.06 update 4 (build 422)
Hex Converter:   FromElf.exe V5.06 update 4 (build 422)
CPU DLL:         SARMCM3.DLL V5.23
Dialog DLL:      DARMSTM.DLL V1.68.0.0
Target DLL:      STLink\ST-LINKIII-KEIL_SWO.dll V2.0.18.0
Dialog DLL:      TARMSTM.DLL V1.66.0.0
 
<h2>Project:</h2>
C:\Users\hc\Desktop\西兰花例程\9.RS485转发接收的字符(中断方式接收)\RS485转发接收的字符(中断方式接收)\Project\Project.uvprojx
Project File Date:  10/08/2018

<h2>Output:</h2>
*** Using Compiler 'V5.06 update 4 (build 422)', folder: 'C:\Keil_v5\ARM\ARMCC\Bin'
Build target 'STM3210E-XLH'
compiling RS485.C...
compiling main.c...
..\User\main.c(8): warning:  #1295-D: Deprecated declaration _uart1_dma_configuration - give arg types
  static void _uart1_dma_configuration();
..\User\main.c(16): warning:  #223-D: function "memset" declared implicitly
  		memset(TXDData, 0x00, sizeof(TXDData));
..\User\main.c(8): warning:  #177-D: function "_uart1_dma_configuration"  was declared but never referenced
  static void _uart1_dma_configuration();
..\User\main.c: 3 warnings, 0 errors
linking...
Program Size: Code=1852 RO-data=336 RW-data=28 ZI-data=1076  
".\OBJ\obj.axf" - 0 Error(s), 3 Warning(s).

<h2>Software Packages used:</h2>

Package Vendor: ARM
                http://www.keil.com/pack/ARM.CMSIS.5.0.1.pack
                ARM::CMSIS:CORE:5.0.1
                CMSIS (Cortex Microcontroller Software Interface Standard)
   * Component: CORE Version: 5.0.1

<h2>Collection of Component include folders:</h2>
  .\RTE\_STM3210E-XLH
  C:\Keil_v5\ARM\PACK\ARM\CMSIS\5.0.1\CMSIS\Include
  C:\Keil_v5\ARM\PACK\Keil\STM32F1xx_DFP\2.2.0\Device\Include

<h2>Collection of Component Files used:</h2>

   * Component: ARM::CMSIS:CORE:5.0.1
Build Time Elapsed:  00:00:03
</pre>
</body>
</html>
