<html>
<body>
<pre>
<h1>礦ision Build Log</h1>
<h2>Tool Versions:</h2>
IDE-Version: μVision V5.23.0.0
Copyright (C) 2017 ARM Ltd and ARM Germany GmbH. All rights reserved.
License Information: 1 Administrator, 1, LIC=----
 
Tool Versions:
Toolchain:       MDK-Lite  Version: 5.23
Toolchain Path:  C:\Keil_v5\ARM\ARMCC\Bin
C Compiler:      Armcc.exe V5.06 update 4 (build 422)
Assembler:       Armasm.exe V5.06 update 4 (build 422)
Linker/Locator:  ArmLink.exe V5.06 update 4 (build 422)
Library Manager: ArmAr.exe V5.06 update 4 (build 422)
Hex Converter:   FromElf.exe V5.06 update 4 (build 422)
CPU DLL:         SARMCM3.DLL V5.23
Dialog DLL:      DARMSTM.DLL V1.68.0.0
Target DLL:      UL2CM3.DLL V1.159.7.0
Dialog DLL:      TARMSTM.DLL V1.66.0.0
 
<h2>Project:</h2>
C:\Users\Administrator\Desktop\STM32F103C8T6--最小系统(客户资料）\STM32F103C8T6--最小系统(客户资料）-1507\STM32F103C8T6例程\基本例程—SysTick（系统滴答定时器）操作\Stm32f103_Hours_timer\USER\STM32-DEMO.uvprojx
Project File Date:  08/28/2018

<h2>Output:</h2>
*** Using Compiler 'V5.06 update 4 (build 422)', folder: 'C:\Keil_v5\ARM\ARMCC\Bin'
Rebuild target 'Stm32f103_Hours_timer'
assembling startup_stm32f10x_hd.s...
compiling main.c...
main.c(7): warning:  #1295-D: Deprecated declaration openGPIO - give arg types
  void openGPIO();
main.c(8): warning:  #1295-D: Deprecated declaration closeallGPIO - give arg types
  void closeallGPIO();
main.c: 2 warnings, 0 errors
compiling stm32f10x_it.c...
compiling SysTick.c...
compiling led.c...
compiling key.c...
compiling stm32f10x_gpio.c...
compiling stm32f10x_rcc.c...
compiling core_cm3.c...
compiling system_stm32f10x.c...
linking...
Program Size: Code=3140 RO-data=356 RW-data=24 ZI-data=512  
FromELF: creating hex file...
".\Stm32f103_Hours_timer.axf" - 0 Error(s), 2 Warning(s).

<h2>Collection of Component include folders:</h2>
  .\RTE\_Stm32f103_Hours_timer
  C:\Keil_v5\ARM\PACK\Keil\STM32F1xx_DFP\2.2.0\Device\Include

<h2>Collection of Component Files used:</h2>
Build Time Elapsed:  00:00:07
</pre>
</body>
</html>
